 uix86

 Timestamp is 3c350090 (Thu Jan 03 18:08:32 2002)

 Preferred load address is 40000000

 Start         Length     Name                   Class
 0001:00000000 0001dcdaH .text                   CODE
 0002:00000000 000000a8H .idata$5                DATA
 0002:000000a8 00000647H .rdata                  DATA
 0002:000006f0 00000014H .idata$2                DATA
 0002:00000704 00000014H .idata$3                DATA
 0002:00000718 000000a8H .idata$4                DATA
 0002:000007c0 000002d2H .idata$6                DATA
 0002:00000aa0 00000056H .edata                  DATA
 0003:00000000 00000004H .CRT$XCA                DATA
 0003:00000004 00000004H .CRT$XCZ                DATA
 0003:00000008 00000004H .CRT$XIA                DATA
 0003:0000000c 00000008H .CRT$XIC                DATA
 0003:00000014 00000004H .CRT$XIZ                DATA
 0003:00000018 00000004H .CRT$XPA                DATA
 0003:0000001c 00000004H .CRT$XPX                DATA
 0003:00000020 00000004H .CRT$XPZ                DATA
 0003:00000024 00000004H .CRT$XTA                DATA
 0003:00000028 00000004H .CRT$XTZ                DATA
 0003:00000030 000074fcH .data                   DATA
 0003:00007530 001bc070H .bss                    DATA

  Address         Publics by Value              Rva+Base     Lib:Object

 0001:00000000       _AnglesToAxis              40001000 f   q_math.obj
 0001:00000050       _AxisClear                 40001050 f   q_math.obj
 0001:00000080       _Q_fabs                    40001080 f   q_math.obj
 0001:000000a0       _AngleSubtract             400010a0 f   q_math.obj
 0001:000000f0       _AnglesSubtract            400010f0 f   q_math.obj
 0001:00000140       _AngleMod                  40001140 f   q_math.obj
 0001:00000170       _MatrixMultiply            40001170 f   q_math.obj
 0001:00000260       _AngleVectors              40001260 f   q_math.obj
 0001:000003b0       _Com_Clamp                 400013b0 f   q_shared.obj
 0001:000003e0       _COM_StripExtension        400013e0 f   q_shared.obj
 0001:00000410       _COM_Parse                 40001410 f   q_shared.obj
 0001:00000420       _COM_Compress              40001420 f   q_shared.obj
 0001:00000510       _COM_ParseExt              40001510 f   q_shared.obj
 0001:00000680       _Q_strncpyz                40001680 f   q_shared.obj
 0001:000006e0       _Q_stricmpn                400016e0 f   q_shared.obj
 0001:00000770       _Q_stricmp                 40001770 f   q_shared.obj
 0001:000007a0       _Q_strupr                  400017a0 f   q_shared.obj
 0001:000007d0       _Q_strcat                  400017d0 f   q_shared.obj
 0001:00000820       _Q_CleanStr                40001820 f   q_shared.obj
 0001:00000870       _Com_sprintf               40001870 f   q_shared.obj
 0001:000008f0       _va                        400018f0 f   q_shared.obj
 0001:00000930       _Info_ValueForKey          40001930 f   q_shared.obj
 0001:00000a20       _Info_RemoveKey            40001a20 f   q_shared.obj
 0001:00000b20       _Info_SetValueForKey       40001b20 f   q_shared.obj
 0001:00000cf0       _Com_Error                 40001cf0 f   ui_atoms.obj
 0001:00000d30       _Com_Printf                40001d30 f   ui_atoms.obj
 0001:00000d70       _UI_Argv                   40001d70 f   ui_atoms.obj
 0001:00000d90       _UI_Cvar_VariableString    40001d90 f   ui_atoms.obj
 0001:00000db0       _UI_SetBestScores          40001db0 f   ui_atoms.obj
 0001:00001110       _UI_LoadBestScores         40002110 f   ui_atoms.obj
 0001:00001220       _UI_ClearScores            40002220 f   ui_atoms.obj
 0001:000012f0       _UI_ConsoleCommand         400022f0 f   ui_atoms.obj
 0001:00001860       _UI_AdjustFrom640          40002860 f   ui_atoms.obj
 0001:000018a0       _UI_DrawHandlePic          400028a0 f   ui_atoms.obj
 0001:00001960       _UI_FillRect               40002960 f   ui_atoms.obj
 0001:000019c0       _UI_SetColor               400029c0 f   ui_atoms.obj
 0001:000019d0       _UI_ParseInfos             400029d0 f   ui_gameinfo.obj
 0001:00001bc0       _UI_LoadArenas             40002bc0 f   ui_gameinfo.obj
 0001:00001ff0       _UI_LoadBots               40002ff0 f   ui_gameinfo.obj
 0001:000021f0       _UI_GetBotInfoByNumber     400031f0 f   ui_gameinfo.obj
 0001:00002220       _UI_GetNumBots             40003220 f   ui_gameinfo.obj
 0001:00002230       _UI_GetBotNameByNumber     40003230 f   ui_gameinfo.obj
 0001:00002260       _vmMain                    40003260 f   ui_main.obj
 0001:00002340       _AssetCache                40003340 f   ui_main.obj
 0001:00002490       __UI_DrawSides             40003490 f   ui_main.obj
 0001:00002520       __UI_DrawTopBottom         40003520 f   ui_main.obj
 0001:000025b0       __UI_DrawRect              400035b0 f   ui_main.obj
 0001:00002600       _Text_Width                40003600 f   ui_main.obj
 0001:000026b0       _Text_Height               400036b0 f   ui_main.obj
 0001:00002780       _Text_PaintChar            40003780 f   ui_main.obj
 0001:000027f0       _Text_Paint                400037f0 f   ui_main.obj
 0001:00002a40       _Text_PaintWithCursor      40003a40 f   ui_main.obj
 0001:00002d60       _UI_ShowPostGame           40003d60 f   ui_main.obj
 0001:00002db0       __UI_Refresh               40003db0 f   ui_main.obj
 0001:00002eb0       __UI_Shutdown              40003eb0 f   ui_main.obj
 0001:00002ec0       _GetMenuBuffer             40003ec0 f   ui_main.obj
 0001:00002f60       _Asset_Parse               40003f60 f   ui_main.obj
 0001:000033b0       _UI_Report                 400043b0 f   ui_main.obj
 0001:000033c0       _UI_ParseMenu              400043c0 f   ui_main.obj
 0001:00003470       _Load_Menu                 40004470 f   ui_main.obj
 0001:000034f0       _UI_LoadMenus              400044f0 f   ui_main.obj
 0001:000035d0       _UI_Load                   400045d0 f   ui_main.obj
 0001:00003670       _UI_ServersSort            40004670 f   ui_main.obj
 0001:000036e0       _UI_hasSkinForBase         400046e0 f   ui_main.obj
 0001:00004970       __UI_Init                  40005970 f   ui_main.obj
 0001:0000c310       __UI_KeyEvent              4000d310 f   ui_main.obj
 0001:0000c390       __UI_MouseEvent            4000d390 f   ui_main.obj
 0001:0000c410       _UI_LoadNonIngame          4000d410 f   ui_main.obj
 0001:0000c450       __UI_SetActiveMenu         4000d450 f   ui_main.obj
 0001:0000c5e0       __UI_IsFullscreen          4000d5e0 f   ui_main.obj
 0001:0000c5f0       _Text_PaintCenter          4000d5f0 f   ui_main.obj
 0001:0000c640       _UI_DrawConnectScreen      4000d640 f   ui_main.obj
 0001:0000ce80       _UI_RegisterCvars          4000de80 f   ui_main.obj
 0001:0000cec0       _UI_UpdateCvars            4000dec0 f   ui_main.obj
 0001:0000d1b0       _UI_DrawPlayer             4000e1b0 f   ui_players.obj
 0001:0000e510       _UI_RegisterClientModelname 4000f510 f   ui_players.obj
 0001:0000ee40       _UI_PlayerInfo_SetModel    4000fe40 f   ui_players.obj
 0001:0000eeb0       _UI_PlayerInfo_SetInfo     4000feb0 f   ui_players.obj
 0001:0000f110       _UI_Alloc                  40010110 f   ui_shared.obj
 0001:0000f160       _UI_InitMemory             40010160 f   ui_shared.obj
 0001:0000f170       _UI_OutOfMemory            40010170 f   ui_shared.obj
 0001:0000f180       _String_Alloc              40010180 f   ui_shared.obj
 0001:0000f2f0       _String_Report             400102f0 f   ui_shared.obj
 0001:0000f370       _String_Init               40010370 f   ui_shared.obj
 0001:0000f3d0       _PC_SourceError            400103d0 f   ui_shared.obj
 0001:0000f440       _LerpColor                 40010440 f   ui_shared.obj
 0001:0000f4b0       _Float_Parse               400104b0 f   ui_shared.obj
 0001:0000f4e0       _PC_Float_Parse            400104e0 f   ui_shared.obj
 0001:0000f590       _Color_Parse               40010590 f   ui_shared.obj
 0001:0000f5d0       _PC_Color_Parse            400105d0 f   ui_shared.obj
 0001:0000f610       _Int_Parse                 40010610 f   ui_shared.obj
 0001:0000f640       _PC_Int_Parse              40010640 f   ui_shared.obj
 0001:0000f6e0       _Rect_Parse                400106e0 f   ui_shared.obj
 0001:0000f740       _PC_Rect_Parse             40010740 f   ui_shared.obj
 0001:0000f7a0       _String_Parse              400107a0 f   ui_shared.obj
 0001:0000f7d0       _PC_String_Parse           400107d0 f   ui_shared.obj
 0001:0000f820       _PC_Script_Parse           40010820 f   ui_shared.obj
 0001:0000f940       _Init_Display              40010940 f   ui_shared.obj
 0001:0000f950       _GradientBar_Paint         40010950 f   ui_shared.obj
 0001:0000f990       _Window_Init               40010990 f   ui_shared.obj
 0001:0000f9c0       _Fade                      400109c0 f   ui_shared.obj
 0001:0000fa40       _Window_Paint              40010a40 f   ui_shared.obj
 0001:0000fe80       _Item_SetScreenCoords      40010e80 f   ui_shared.obj
 0001:0000fed0       _Item_UpdatePosition       40010ed0 f   ui_shared.obj
 0001:0000ff30       _Menu_UpdatePosition       40010f30 f   ui_shared.obj
 0001:0000ffb0       _Menu_PostParse            40010fb0 f   ui_shared.obj
 0001:0000fff0       _Menu_ClearFocus           40010ff0 f   ui_shared.obj
 0001:00010060       _IsVisible                 40011060 f   ui_shared.obj
 0001:00010080       _Rect_ContainsPoint        40011080 f   ui_shared.obj
 0001:000100d0       _Menu_ItemsMatchingGroup   400110d0 f   ui_shared.obj
 0001:00010140       _Menu_GetMatchingItemByNumber 40011140 f   ui_shared.obj
 0001:000101c0       _Script_SetColor           400111c0 f   ui_shared.obj
 0001:00010290       _Script_SetAsset           40011290 f   ui_shared.obj
 0001:000102b0       _Script_SetBackground      400112b0 f   ui_shared.obj
 0001:000102e0       _Menu_FindItemByName       400112e0 f   ui_shared.obj
 0001:00010340       _Script_SetTeamColor       40011340 f   ui_shared.obj
 0001:00010390       _Script_SetItemColor       40011390 f   ui_shared.obj
 0001:000104b0       _Menu_ShowItemByName       400114b0 f   ui_shared.obj
 0001:00010530       _Menu_FadeItemByName       40011530 f   ui_shared.obj
 0001:00010590       _Menus_FindByName          40011590 f   ui_shared.obj
 0001:000105e0       _Menus_OpenByName          400115e0 f   ui_shared.obj
 0001:000105f0       _Menus_CloseByName         400115f0 f   ui_shared.obj
 0001:00010660       _Menus_CloseAll            40011660 f   ui_shared.obj
 0001:000106a0       _Script_Show               400116a0 f   ui_shared.obj
 0001:000106e0       _Script_Hide               400116e0 f   ui_shared.obj
 0001:00010720       _Script_FadeIn             40011720 f   ui_shared.obj
 0001:00010760       _Script_FadeOut            40011760 f   ui_shared.obj
 0001:000107a0       _Script_Open               400117a0 f   ui_shared.obj
 0001:000107d0       _Script_Close              400117d0 f   ui_shared.obj
 0001:00010800       _Menu_TransitionItemByName 40011800 f   ui_shared.obj
 0001:00010950       _Script_Transition         40011950 f   ui_shared.obj
 0001:00010a30       _Menu_OrbitItemByName      40011a30 f   ui_shared.obj
 0001:00010aa0       _Script_Orbit              40011aa0 f   ui_shared.obj
 0001:00010b50       _Script_SetFocus           40011b50 f   ui_shared.obj
 0001:00010be0       _Script_SetPlayerModel     40011be0 f   ui_shared.obj
 0001:00010c10       _Script_SetPlayerHead      40011c10 f   ui_shared.obj
 0001:00010c40       _Script_SetCvar            40011c40 f   ui_shared.obj
 0001:00010c90       _Script_Exec               40011c90 f   ui_shared.obj
 0001:00010cd0       _Script_Play               40011cd0 f   ui_shared.obj
 0001:00010d10       _Script_playLooped         40011d10 f   ui_shared.obj
 0001:00010d50       _Item_RunScript            40011d50 f   ui_shared.obj
 0001:00010e40       _Item_EnableShowViaCvar    40011e40 f   ui_shared.obj
 0001:00010f60       _Item_SetFocus             40011f60 f   ui_shared.obj
 0001:00011100       _Item_ListBox_MaxScroll    40012100 f   ui_shared.obj
 0001:00011160       _Item_ListBox_ThumbPosition 40012160 f   ui_shared.obj
 0001:00011210       _Item_ListBox_ThumbDrawPosition 40012210 f   ui_shared.obj
 0001:00011320       _Item_Slider_ThumbPosition 40012320 f   ui_shared.obj
 0001:000113b0       _Item_Slider_OverSlider    400123b0 f   ui_shared.obj
 0001:00011410       _Item_ListBox_OverLB       40012410 f   ui_shared.obj
 0001:00011690       _Item_ListBox_MouseEnter   40012690 f   ui_shared.obj
 0001:000117c0       _Item_MouseEnter           400127c0 f   ui_shared.obj
 0001:00011900       _Item_MouseLeave           40012900 f   ui_shared.obj
 0001:00011950       _Item_SetMouseOver         40012950 f   ui_shared.obj
 0001:00011980       _Item_OwnerDraw_HandleKey  40012980 f   ui_shared.obj
 0001:000119c0       _Item_ListBox_HandleKey    400129c0 f   ui_shared.obj
 0001:00011d80       _Item_YesNo_HandleKey      40012d80 f   ui_shared.obj
 0001:00011e30       _Item_Multi_CountSettings  40012e30 f   ui_shared.obj
 0001:00011e50       _Item_Multi_FindCvarByValue 40012e50 f   ui_shared.obj
 0001:00011f20       _Item_Multi_Setting        40012f20 f   ui_shared.obj
 0001:00011ff0       _Item_Multi_HandleKey      40012ff0 f   ui_shared.obj
 0001:00012140       _Item_TextField_HandleKey  40013140 f   ui_shared.obj
 0001:00012580       _Item_StartCapture         40013580 f   ui_shared.obj
 0001:000129e0       _Item_StopCapture          400139e0 f   ui_shared.obj
 0001:000129f0       _Item_Slider_HandleKey     400139f0 f   ui_shared.obj
 0001:00012b60       _Item_HandleKey            40013b60 f   ui_shared.obj
 0001:00012c80       _Item_Action               40013c80 f   ui_shared.obj
 0001:00012ca0       _Menu_SetPrevCursorItem    40013ca0 f   ui_shared.obj
 0001:00012d80       _Menu_SetNextCursorItem    40013d80 f   ui_shared.obj
 0001:00012e60       _Menus_Activate            40013e60 f   ui_shared.obj
 0001:00012fa0       _Display_VisibleMenuCount  40013fa0 f   ui_shared.obj
 0001:00012fd0       _Menus_HandleOOBClick      40013fd0 f   ui_shared.obj
 0001:000130d0       _Menu_HandleKey            400140d0 f   ui_shared.obj
 0001:00013630       _ToWindowCoords            40014630 f   ui_shared.obj
 0001:00013660       _Item_SetTextExtents       40014660 f   ui_shared.obj
 0001:00013810       _Item_TextColor            40014810 f   ui_shared.obj
 0001:000139f0       _Item_Text_AutoWrapped_Paint 400149f0 f   ui_shared.obj
 0001:00013be0       _Item_Text_Wrapped_Paint   40014be0 f   ui_shared.obj
 0001:00013d30       _Item_Text_Paint           40014d30 f   ui_shared.obj
 0001:00013e10       _Item_TextField_Paint      40014e10 f   ui_shared.obj
 0001:00014010       _Item_YesNo_Paint          40015010 f   ui_shared.obj
 0001:000141d0       _Item_Multi_Paint          400151d0 f   ui_shared.obj
 0001:00014340       _Controls_GetConfig        40015340 f   ui_shared.obj
 0001:00014410       _Controls_SetConfig        40015410 f   ui_shared.obj
 0001:00014480       _Controls_SetDefaults      40015480 f   ui_shared.obj
 0001:000144b0       _BindingIDFromName         400154b0 f   ui_shared.obj
 0001:00014500       _BindingFromName           40015500 f   ui_shared.obj
 0001:00014600       _Item_Slider_Paint         40015600 f   ui_shared.obj
 0001:00014790       _Item_Bind_Paint           40015790 f   ui_shared.obj
 0001:00014960       _Display_KeyBindPending    40015960 f   ui_shared.obj
 0001:00014970       _Item_Bind_HandleKey       40015970 f   ui_shared.obj
 0001:00014b90       _AdjustFrom640             40015b90 f   ui_shared.obj
 0001:00014be0       _Item_Model_Paint          40015be0 f   ui_shared.obj
 0001:00014e50       _Item_ListBox_Paint        40015e50 f   ui_shared.obj
 0001:00015590       _Item_OwnerDraw_Paint      40016590 f   ui_shared.obj
 0001:00015950       _Item_Paint                40016950 f   ui_shared.obj
 0001:00015d40       _Menu_Init                 40016d40 f   ui_shared.obj
 0001:00015da0       _Menu_GetFocused           40016da0 f   ui_shared.obj
 0001:00015de0       _Menu_SetFeederSelection   40016de0 f   ui_shared.obj
 0001:00015ea0       _Menus_AnyFullScreenVisible 40016ea0 f   ui_shared.obj
 0001:00015ed0       _Menus_ActivateByName      40016ed0 f   ui_shared.obj
 0001:00015f50       _Item_Init                 40016f50 f   ui_shared.obj
 0001:00015f80       _Menu_HandleMouseMove      40016f80 f   ui_shared.obj
 0001:00016110       _Menu_Paint                40017110 f   ui_shared.obj
 0001:00016230       _Item_ValidateTypeData     40017230 f   ui_shared.obj
 0001:00016300       _KeywordHash_Key           40017300 f   ui_shared.obj
 0001:00016370       _KeywordHash_Add           40017370 f   ui_shared.obj
 0001:00016390       _KeywordHash_Find          40017390 f   ui_shared.obj
 0001:000163d0       _ItemParse_name            400173d0 f   ui_shared.obj
 0001:000163f0       _ItemParse_focusSound      400173f0 f   ui_shared.obj
 0001:00016430       _ItemParse_text            40017430 f   ui_shared.obj
 0001:00016430       _MenuParse_soundLoop       40017430 f   ui_shared.obj
 0001:00016450       _ItemParse_group           40017450 f   ui_shared.obj
 0001:00016470       _ItemParse_asset_model     40017470 f   ui_shared.obj
 0001:000164d0       _ItemParse_asset_shader    400174d0 f   ui_shared.obj
 0001:00016510       _ItemParse_model_origin    40017510 f   ui_shared.obj
 0001:00016570       _ItemParse_model_rotation  40017570 f   ui_shared.obj
 0001:000165a0       _ItemParse_model_angle     400175a0 f   ui_shared.obj
 0001:000165d0       _ItemParse_rect            400175d0 f   ui_shared.obj
 0001:000165f0       _ItemParse_style           400175f0 f   ui_shared.obj
 0001:000165f0       _MenuParse_style           400175f0 f   ui_shared.obj
 0001:00016610       _ItemParse_decoration      40017610 f   ui_shared.obj
 0001:00016620       _ItemParse_notselectable   40017620 f   ui_shared.obj
 0001:00016660       _ItemParse_wrapped         40017660 f   ui_shared.obj
 0001:00016680       _ItemParse_autowrapped     40017680 f   ui_shared.obj
 0001:000166a0       _ItemParse_horizontalscroll 400176a0 f   ui_shared.obj
 0001:000166c0       _ItemParse_type            400176c0 f   ui_shared.obj
 0001:000166f0       _ItemParse_model_fovx      400176f0 f   ui_shared.obj
 0001:000166f0       _ItemParse_elementwidth    400176f0 f   ui_shared.obj
 0001:00016720       _ItemParse_model_fovy      40017720 f   ui_shared.obj
 0001:00016720       _ItemParse_elementheight   40017720 f   ui_shared.obj
 0001:00016750       _ItemParse_special         40017750 f   ui_shared.obj
 0001:00016750       _ItemParse_feeder          40017750 f   ui_shared.obj
 0001:00016770       _ItemParse_elementtype     40017770 f   ui_shared.obj
 0001:000167b0       _ItemParse_columns         400177b0 f   ui_shared.obj
 0001:00016880       _ItemParse_bordersize      40017880 f   ui_shared.obj
 0001:00016880       _MenuParse_borderSize      40017880 f   ui_shared.obj
 0001:000168a0       _ItemParse_ownerdraw       400178a0 f   ui_shared.obj
 0001:000168d0       _MenuParse_fadeCycle       400178d0 f   ui_shared.obj
 0001:000168d0       _ItemParse_align           400178d0 f   ui_shared.obj
 0001:000168f0       _ItemParse_textalign       400178f0 f   ui_shared.obj
 0001:00016910       _ItemParse_textalignx      40017910 f   ui_shared.obj
 0001:00016910       _MenuParse_fadeAmount      40017910 f   ui_shared.obj
 0001:00016930       _ItemParse_textaligny      40017930 f   ui_shared.obj
 0001:00016950       _ItemParse_textscale       40017950 f   ui_shared.obj
 0001:00016970       _ItemParse_textstyle       40017970 f   ui_shared.obj
 0001:00016990       _ItemParse_backcolor       40017990 f   ui_shared.obj
 0001:00016990       _MenuParse_backcolor       40017990 f   ui_shared.obj
 0001:000169e0       _MenuParse_forecolor       400179e0 f   ui_shared.obj
 0001:000169e0       _ItemParse_forecolor       400179e0 f   ui_shared.obj
 0001:00016a30       _MenuParse_bordercolor     40017a30 f   ui_shared.obj
 0001:00016a30       _ItemParse_bordercolor     40017a30 f   ui_shared.obj
 0001:00016a80       _MenuParse_outlinecolor    40017a80 f   ui_shared.obj
 0001:00016a80       _ItemParse_outlinecolor    40017a80 f   ui_shared.obj
 0001:00016aa0       _ItemParse_background      40017aa0 f   ui_shared.obj
 0001:00016aa0       _MenuParse_background      40017aa0 f   ui_shared.obj
 0001:00016ae0       _ItemParse_cinematic       40017ae0 f   ui_shared.obj
 0001:00016ae0       _MenuParse_cinematic       40017ae0 f   ui_shared.obj
 0001:00016b00       _ItemParse_doubleClick     40017b00 f   ui_shared.obj
 0001:00016b40       _ItemParse_onFocus         40017b40 f   ui_shared.obj
 0001:00016b60       _ItemParse_leaveFocus      40017b60 f   ui_shared.obj
 0001:00016b80       _ItemParse_mouseEnter      40017b80 f   ui_shared.obj
 0001:00016ba0       _ItemParse_mouseExit       40017ba0 f   ui_shared.obj
 0001:00016bc0       _ItemParse_mouseEnterText  40017bc0 f   ui_shared.obj
 0001:00016be0       _ItemParse_mouseExitText   40017be0 f   ui_shared.obj
 0001:00016c00       _ItemParse_action          40017c00 f   ui_shared.obj
 0001:00016c20       _ItemParse_cvarTest        40017c20 f   ui_shared.obj
 0001:00016c40       _ItemParse_cvar            40017c40 f   ui_shared.obj
 0001:00016c90       _ItemParse_maxChars        40017c90 f   ui_shared.obj
 0001:00016ce0       _ItemParse_maxPaintChars   40017ce0 f   ui_shared.obj
 0001:00016d30       _ItemParse_cvarFloat       40017d30 f   ui_shared.obj
 0001:00016da0       _ItemParse_cvarStrList     40017da0 f   ui_shared.obj
 0001:00016ea0       _ItemParse_cvarFloatList   40017ea0 f   ui_shared.obj
 0001:00016f90       _ItemParse_addColorRange   40017f90 f   ui_shared.obj
 0001:00017010       _ItemParse_ownerdrawFlag   40018010 f   ui_shared.obj
 0001:00017010       _MenuParse_ownerdrawFlag   40018010 f   ui_shared.obj
 0001:00017040       _ItemParse_enableCvar      40018040 f   ui_shared.obj
 0001:00017070       _ItemParse_disableCvar     40018070 f   ui_shared.obj
 0001:000170b0       _ItemParse_showCvar        400180b0 f   ui_shared.obj
 0001:000170f0       _ItemParse_hideCvar        400180f0 f   ui_shared.obj
 0001:00017130       _Item_SetupKeywordHash     40018130 f   ui_shared.obj
 0001:00017170       _Item_Parse                40018170 f   ui_shared.obj
 0001:00017240       _Item_InitControls         40018240 f   ui_shared.obj
 0001:00017270       _MenuParse_font            40018270 f   ui_shared.obj
 0001:000172d0       _MenuParse_name            400182d0 f   ui_shared.obj
 0001:00017310       _MenuParse_fullscreen      40018310 f   ui_shared.obj
 0001:00017330       _MenuParse_rect            40018330 f   ui_shared.obj
 0001:00017350       _MenuParse_visible         40018350 f   ui_shared.obj
 0001:00017350       _ItemParse_visible         40018350 f   ui_shared.obj
 0001:00017380       _MenuParse_onOpen          40018380 f   ui_shared.obj
 0001:000173a0       _MenuParse_onClose         400183a0 f   ui_shared.obj
 0001:000173c0       _MenuParse_onESC           400183c0 f   ui_shared.obj
 0001:000173e0       _ItemParse_border          400183e0 f   ui_shared.obj
 0001:000173e0       _MenuParse_border          400183e0 f   ui_shared.obj
 0001:00017400       _MenuParse_focuscolor      40018400 f   ui_shared.obj
 0001:00017450       _MenuParse_disablecolor    40018450 f   ui_shared.obj
 0001:000174a0       _MenuParse_ownerdraw       400184a0 f   ui_shared.obj
 0001:000174c0       _MenuParse_popup           400184c0 f   ui_shared.obj
 0001:000174e0       _MenuParse_outOfBounds     400184e0 f   ui_shared.obj
 0001:00017500       _MenuParse_fadeClamp       40018500 f   ui_shared.obj
 0001:00017520       _MenuParse_itemDef         40018520 f   ui_shared.obj
 0001:000175c0       _Menu_SetupKeywordHash     400185c0 f   ui_shared.obj
 0001:00017600       _Menu_Parse                40018600 f   ui_shared.obj
 0001:000176e0       _Menu_New                  400186e0 f   ui_shared.obj
 0001:00017730       _Menu_Count                40018730 f   ui_shared.obj
 0001:00017740       _Menu_PaintAll             40018740 f   ui_shared.obj
 0001:00017800       _Menu_Reset                40018800 f   ui_shared.obj
 0001:00017810       _Display_MouseMove         40018810 f   ui_shared.obj
 0001:000178d0       _Display_CacheAll          400188d0 f   ui_shared.obj
 0001:00017a80       _dllEntry                  40018a80 f   ui_syscalls.obj
 0001:00017a90       _PASSFLOAT                 40018a90 f   ui_syscalls.obj
 0001:00017aa0       _trap_Print                40018aa0 f   ui_syscalls.obj
 0001:00017ac0       _trap_Error                40018ac0 f   ui_syscalls.obj
 0001:00017ae0       _trap_Milliseconds         40018ae0 f   ui_syscalls.obj
 0001:00017af0       _trap_Cvar_Register        40018af0 f   ui_syscalls.obj
 0001:00017b10       _trap_Cvar_Update          40018b10 f   ui_syscalls.obj
 0001:00017b30       _trap_Cvar_Set             40018b30 f   ui_syscalls.obj
 0001:00017b50       _trap_Cvar_VariableValue   40018b50 f   ui_syscalls.obj
 0001:00017b70       _trap_Cvar_VariableStringBuffer 40018b70 f   ui_syscalls.obj
 0001:00017b90       _trap_Cvar_SetValue        40018b90 f   ui_syscalls.obj
 0001:00017bb0       _trap_Argc                 40018bb0 f   ui_syscalls.obj
 0001:00017bc0       _trap_Argv                 40018bc0 f   ui_syscalls.obj
 0001:00017be0       _trap_Cmd_ExecuteText      40018be0 f   ui_syscalls.obj
 0001:00017c00       _trap_FS_FOpenFile         40018c00 f   ui_syscalls.obj
 0001:00017c20       _trap_FS_Read              40018c20 f   ui_syscalls.obj
 0001:00017c40       _trap_FS_Write             40018c40 f   ui_syscalls.obj
 0001:00017c60       _trap_FS_FCloseFile        40018c60 f   ui_syscalls.obj
 0001:00017c80       _trap_FS_GetFileList       40018c80 f   ui_syscalls.obj
 0001:00017ca0       _trap_R_RegisterModel      40018ca0 f   ui_syscalls.obj
 0001:00017cc0       _trap_R_RegisterSkin       40018cc0 f   ui_syscalls.obj
 0001:00017ce0       _trap_R_RegisterFont       40018ce0 f   ui_syscalls.obj
 0001:00017d00       _trap_R_RegisterShaderNoMip 40018d00 f   ui_syscalls.obj
 0001:00017d20       _trap_R_ClearScene         40018d20 f   ui_syscalls.obj
 0001:00017d30       _trap_R_AddRefEntityToScene 40018d30 f   ui_syscalls.obj
 0001:00017d50       _trap_R_AddLightToScene    40018d50 f   ui_syscalls.obj
 0001:00017da0       _trap_R_RenderScene        40018da0 f   ui_syscalls.obj
 0001:00017dc0       _trap_R_SetColor           40018dc0 f   ui_syscalls.obj
 0001:00017de0       _trap_R_DrawStretchPic     40018de0 f   ui_syscalls.obj
 0001:00017e70       _trap_R_ModelBounds        40018e70 f   ui_syscalls.obj
 0001:00017e90       _trap_CM_LerpTag           40018e90 f   ui_syscalls.obj
 0001:00017ed0       _trap_S_StartLocalSound    40018ed0 f   ui_syscalls.obj
 0001:00017ef0       _trap_S_RegisterSound      40018ef0 f   ui_syscalls.obj
 0001:00017f10       _trap_Key_KeynumToStringBuf 40018f10 f   ui_syscalls.obj
 0001:00017f30       _trap_Key_GetBindingBuf    40018f30 f   ui_syscalls.obj
 0001:00017f50       _trap_Key_SetBinding       40018f50 f   ui_syscalls.obj
 0001:00017f70       _trap_Key_GetOverstrikeMode 40018f70 f   ui_syscalls.obj
 0001:00017f80       _trap_Key_SetOverstrikeMode 40018f80 f   ui_syscalls.obj
 0001:00017fa0       _trap_Key_ClearStates      40018fa0 f   ui_syscalls.obj
 0001:00017fb0       _trap_Key_GetCatcher       40018fb0 f   ui_syscalls.obj
 0001:00017fc0       _trap_Key_SetCatcher       40018fc0 f   ui_syscalls.obj
 0001:00017fe0       _trap_GetClientState       40018fe0 f   ui_syscalls.obj
 0001:00018000       _trap_GetGlconfig          40019000 f   ui_syscalls.obj
 0001:00018020       _trap_GetConfigString      40019020 f   ui_syscalls.obj
 0001:00018040       _trap_LAN_GetServerCount   40019040 f   ui_syscalls.obj
 0001:00018060       _trap_LAN_GetServerAddressString 40019060 f   ui_syscalls.obj
 0001:00018080       _trap_LAN_GetServerInfo    40019080 f   ui_syscalls.obj
 0001:000180a0       _trap_LAN_GetServerPing    400190a0 f   ui_syscalls.obj
 0001:000180c0       _trap_LAN_ServerStatus     400190c0 f   ui_syscalls.obj
 0001:000180e0       _trap_LAN_SaveCachedServers 400190e0 f   ui_syscalls.obj
 0001:000180f0       _trap_LAN_LoadCachedServers 400190f0 f   ui_syscalls.obj
 0001:00018100       _trap_LAN_ResetPings       40019100 f   ui_syscalls.obj
 0001:00018120       _trap_LAN_MarkServerVisible 40019120 f   ui_syscalls.obj
 0001:00018140       _trap_LAN_ServerIsVisible  40019140 f   ui_syscalls.obj
 0001:00018160       _trap_LAN_UpdateVisiblePings 40019160 f   ui_syscalls.obj
 0001:00018180       _trap_LAN_AddServer        40019180 f   ui_syscalls.obj
 0001:000181a0       _trap_LAN_RemoveServer     400191a0 f   ui_syscalls.obj
 0001:000181c0       _trap_LAN_CompareServers   400191c0 f   ui_syscalls.obj
 0001:000181f0       _trap_GetCDKey             400191f0 f   ui_syscalls.obj
 0001:00018210       _trap_SetCDKey             40019210 f   ui_syscalls.obj
 0001:00018230       _trap_PC_LoadSource        40019230 f   ui_syscalls.obj
 0001:00018250       _trap_PC_FreeSource        40019250 f   ui_syscalls.obj
 0001:00018270       _trap_PC_ReadToken         40019270 f   ui_syscalls.obj
 0001:00018290       _trap_PC_SourceFileAndLine 40019290 f   ui_syscalls.obj
 0001:000182b0       _trap_S_StopBackgroundTrack 400192b0 f   ui_syscalls.obj
 0001:000182c0       _trap_S_StartBackgroundTrack 400192c0 f   ui_syscalls.obj
 0001:000182e0       _trap_RealTime             400192e0 f   ui_syscalls.obj
 0001:00018300       _trap_CIN_PlayCinematic    40019300 f   ui_syscalls.obj
 0001:00018330       _trap_CIN_StopCinematic    40019330 f   ui_syscalls.obj
 0001:00018350       _trap_CIN_RunCinematic     40019350 f   ui_syscalls.obj
 0001:00018370       _trap_CIN_DrawCinematic    40019370 f   ui_syscalls.obj
 0001:00018390       _trap_CIN_SetExtents       40019390 f   ui_syscalls.obj
 0001:000183c0       _trap_R_RemapShader        400193c0 f   ui_syscalls.obj
 0001:000183e0       _trap_VerifyCDKey          400193e0 f   ui_syscalls.obj
 0001:00018400       __fpmath                   40019400 f   LIBC:fpinit.obj
 0001:00018417       __fpclear                  40019417 f   LIBC:fpinit.obj
 0001:00018418       __cfltcvt_init             40019418 f   LIBC:fpinit.obj
 0001:00018450       __ftol                     40019450 f   LIBC:ftol.obj
 0001:00018477       _vsprintf                  40019477 f   LIBC:vsprintf.obj
 0001:000184c8       _atof                      400194c8 f   LIBC:atof.obj
 0001:00018520       _strncpy                   40019520 f   LIBC:strncpy.obj
 0001:0001861e       _tolower                   4001961e f   LIBC:tolower.obj
 0001:000186e9       _toupper                   400196e9 f   LIBC:toupper.obj
 0001:000187c0       __chkstk                   400197c0 f   LIBC:chkstk.obj
 0001:000187c0       __alloca_probe             400197c0 f   LIBC:chkstk.obj
 0001:00018800       _strchr                    40019800 f   LIBC:strchr.obj
 0001:00018806       ___from_strstr_to_strchr   40019806 f   LIBC:strchr.obj
 0001:000188bc       _atol                      400198bc f   LIBC:atox.obj
 0001:00018947       _atoi                      40019947 f   LIBC:atox.obj
 0001:00018960       _strstr                    40019960 f   LIBC:strstr.obj
 0001:000189e0       _qsort                     400199e0 f   LIBC:qsort.obj
 0001:00018bae       _rand                      40019bae f   LIBC:rand.obj
 0001:00018bd0       _memmove                   40019bd0 f   LIBC:memmove.obj
 0001:00018f05       __CRT_INIT@12              40019f05 f   LIBC:dllcrt0.obj
 0001:00018fbd       __DllMainCRTStartup@12     40019fbd f   LIBC:dllcrt0.obj
 0001:0001905a       __amsg_exit                4001a05a f   LIBC:dllcrt0.obj
 0001:0001908d       __setdefaultprecision      4001a08d f   LIBC:fp8.obj
 0001:0001909f       __ms_p5_test_fdiv          4001a09f f   LIBC:testfdiv.obj
 0001:000190dd       __ms_p5_mp_test_fdiv       4001a0dd f   LIBC:testfdiv.obj
 0001:00019106       __forcdecpt                4001a106 f   LIBC:cvt.obj
 0001:00019160       __cropzeros                4001a160 f   LIBC:cvt.obj
 0001:000191ae       __positive                 4001a1ae f   LIBC:cvt.obj
 0001:000191c6       __fassign                  4001a1c6 f   LIBC:cvt.obj
 0001:00019204       __cftoe                    4001a204 f   LIBC:cvt.obj
 0001:00019308       __cftof                    4001a308 f   LIBC:cvt.obj
 0001:000193e6       __cftog                    4001a3e6 f   LIBC:cvt.obj
 0001:000194cb       __cfltcvt                  4001a4cb f   LIBC:cvt.obj
 0001:00019541       __flsbuf                   4001a541 f   LIBC:_flsbuf.obj
 0001:00019656       __output                   4001a656 f   LIBC:output.obj
 0001:00019e60       __fltin                    4001ae60 f   LIBC:cfin.obj
 0001:00019f00       _strlen                    4001af00 f   LIBC:strlen.obj
 0001:00019f7b       __isctype                  4001af7b f   LIBC:isctype.obj
 0001:00019ff0       ___crtLCMapStringA         4001aff0 f   LIBC:a_map.obj
 0001:0001a240       __allmul                   4001b240 f   LIBC:llmul.obj
 0001:0001a274       __cinit                    4001b274 f   LIBC:crt0dat.obj
 0001:0001a2a1       __exit                     4001b2a1 f   LIBC:crt0dat.obj
 0001:0001a2b2       __cexit                    4001b2b2 f   LIBC:crt0dat.obj
 0001:0001a374       __heap_init                4001b374 f   LIBC:heapinit.obj
 0001:0001a3b0       __heap_term                4001b3b0 f   LIBC:heapinit.obj
 0001:0001a425       __ioinit                   4001b425 f   LIBC:ioinit.obj
 0001:0001a5d0       __ioterm                   4001b5d0 f   LIBC:ioinit.obj
 0001:0001a5f3       __setenvp                  4001b5f3 f   LIBC:stdenvp.obj
 0001:0001a6ac       __setargv                  4001b6ac f   LIBC:stdargv.obj
 0001:0001a8f9       ___crtGetEnvironmentStringsA 4001b8f9 f   LIBC:a_env.obj
 0001:0001aa2b       _DllMain@12                4001ba2b f   LIBC:dllmain.obj
 0001:0001aa4b       __FF_MSGBANNER             4001ba4b f   LIBC:crt0msg.obj
 0001:0001aa84       __NMSG_WRITE               4001ba84 f   LIBC:crt0msg.obj
 0001:0001abd7       __control87                4001bbd7 f   LIBC:ieee87.obj
 0001:0001ac0c       __controlfp                4001bc0c f   LIBC:ieee87.obj
 0001:0001ad3d       __ZeroTail                 4001bd3d f   LIBC:intrncvt.obj
 0001:0001ad86       __IncMan                   4001bd86 f   LIBC:intrncvt.obj
 0001:0001addc       __RoundMan                 4001bddc f   LIBC:intrncvt.obj
 0001:0001ae68       __CopyMan                  4001be68 f   LIBC:intrncvt.obj
 0001:0001ae83       __FillZeroMan              4001be83 f   LIBC:intrncvt.obj
 0001:0001ae8f       __IsZeroMan                4001be8f f   LIBC:intrncvt.obj
 0001:0001aeaa       __ShrMan                   4001beaa f   LIBC:intrncvt.obj
 0001:0001af37       __ld12cvt                  4001bf37 f   LIBC:intrncvt.obj
 0001:0001b0a3       __ld12tod                  4001c0a3 f   LIBC:intrncvt.obj
 0001:0001b0b9       __ld12tof                  4001c0b9 f   LIBC:intrncvt.obj
 0001:0001b0cf       __atodbl                   4001c0cf f   LIBC:intrncvt.obj
 0001:0001b0fc       __atoflt                   4001c0fc f   LIBC:intrncvt.obj
 0001:0001b130       _strcpy                    4001c130 f   LIBC:strcat.obj
 0001:0001b140       _strcat                    4001c140 f   LIBC:strcat.obj
 0001:0001b220       __fptostr                  4001c220 f   LIBC:_fptostr.obj
 0001:0001b297       __fltout                   4001c297 f   LIBC:cfout.obj
 0001:0001b2fb       ___dtold                   4001c2fb f   LIBC:cfout.obj
 0001:0001b3c0       _memset                    4001c3c0 f   LIBC:memset.obj
 0001:0001b418       __fptrap                   4001c418 f   LIBC:crt0fp.obj
 0001:0001b421       __lseek                    4001c421 f   LIBC:lseek.obj
 0001:0001b4bb       __write                    4001c4bb f   LIBC:write.obj
 0001:0001b668       __getbuf                   4001c668 f   LIBC:_getbuf.obj
 0001:0001b6ac       __isatty                   4001c6ac f   LIBC:isatty.obj
 0001:0001b6d2       ___initstdio               4001c6d2 f   LIBC:_file.obj
 0001:0001b777       ___endstdio                4001c777 f   LIBC:_file.obj
 0001:0001b78b       _wctomb                    4001c78b f   LIBC:wctomb.obj
 0001:0001b800       __aulldiv                  4001c800 f   LIBC:ulldiv.obj
 0001:0001b870       __aullrem                  4001c870 f   LIBC:ullrem.obj
 0001:0001b8e5       ___strgtold12              4001c8e5 f   LIBC:strgtold.obj
 0001:0001bdb6       ___crtGetStringTypeA       4001cdb6 f   LIBC:a_str.obj
 0001:0001bf00       __global_unwind2           4001cf00 f   LIBC:exsup.obj
 0001:0001bf42       __local_unwind2            4001cf42 f   LIBC:exsup.obj
 0001:0001bf9a       __NLG_Return2              4001cf9a f   LIBC:exsup.obj
 0001:0001bfaa       __abnormal_termination     4001cfaa f   LIBC:exsup.obj
 0001:0001bfcd       __NLG_Notify1              4001cfcd f   LIBC:exsup.obj
 0001:0001bfd6       __NLG_Notify               4001cfd6 f   LIBC:exsup.obj
 0001:0001bfe9       __NLG_Dispatch             4001cfe9 f   LIBC:exsup.obj
 0001:0001bff8       __except_handler3          4001cff8 f   LIBC:exsup3.obj
 0001:0001c0b5       __seh_longjmp_unwind@4     4001d0b5 f   LIBC:exsup3.obj
 0001:0001c0d0       ___sbh_heap_init           4001d0d0 f   LIBC:sbheap.obj
 0001:0001c10e       ___sbh_find_block          4001d10e f   LIBC:sbheap.obj
 0001:0001c139       ___sbh_free_block          4001d139 f   LIBC:sbheap.obj
 0001:0001c464       ___sbh_alloc_block         4001d464 f   LIBC:sbheap.obj
 0001:0001c76d       ___sbh_alloc_new_region    4001d76d f   LIBC:sbheap.obj
 0001:0001c81e       ___sbh_alloc_new_group     4001d81e f   LIBC:sbheap.obj
 0001:0001c919       _malloc                    4001d919 f   LIBC:malloc.obj
 0001:0001c92b       __nh_malloc                4001d92b f   LIBC:malloc.obj
 0001:0001c957       __heap_alloc               4001d957 f   LIBC:malloc.obj
 0001:0001c98d       _free                      4001d98d f   LIBC:free.obj
 0001:0001c9bc       __setmbcp                  4001d9bc f   LIBC:mbctype.obj
 0001:0001cd80       ___initmbctable            4001dd80 f   LIBC:mbctype.obj
 0001:0001cda0       _memcpy                    4001dda0 f   LIBC:memcpy.obj
 0001:0001d0d5       ___crtMessageBoxA          4001e0d5 f   LIBC:crtmbox.obj
 0001:0001d15e       ___addl                    4001e15e f   LIBC:mantold.obj
 0001:0001d17f       ___add_12                  4001e17f f   LIBC:mantold.obj
 0001:0001d1dd       ___shl_12                  4001e1dd f   LIBC:mantold.obj
 0001:0001d20b       ___shr_12                  4001e20b f   LIBC:mantold.obj
 0001:0001d238       ___mtold12                 4001e238 f   LIBC:mantold.obj
 0001:0001d2ff       _$I10_OUTPUT               4001e2ff f   LIBC:x10fout.obj
 0001:0001d592       __dosmaperr                4001e592 f   LIBC:dosmap.obj
 0001:0001d5f9       __free_osfhnd              4001e5f9 f   LIBC:osfinfo.obj
 0001:0001d673       __get_osfhandle            4001e673 f   LIBC:osfinfo.obj
 0001:0001d6b0       _calloc                    4001e6b0 f   LIBC:calloc.obj
 0001:0001d72d       __fcloseall                4001e72d f   LIBC:closeall.obj
 0001:0001d785       _fflush                    4001e785 f   LIBC:fflush.obj
 0001:0001d7c0       __flush                    4001e7c0 f   LIBC:fflush.obj
 0001:0001d81c       __flushall                 4001e81c f   LIBC:fflush.obj
 0001:0001d892       ___ld12mul                 4001e892 f   LIBC:tenpow.obj
 0001:0001dab2       ___multtenpow12            4001eab2 f   LIBC:tenpow.obj
 0001:0001db2e       __callnewh                 4001eb2e f   LIBC:handler.obj
 0001:0001db49       _fclose                    4001eb49 f   LIBC:fclose.obj
 0001:0001db9f       __commit                   4001eb9f f   LIBC:commit.obj
 0001:0001dbf6       __close                    4001ebf6 f   LIBC:close.obj
 0001:0001dca9       __freebuf                  4001eca9 f   LIBC:_freebuf.obj
 0001:0001dcd4       _RtlUnwind@16              4001ecd4 f   kernel32:KERNEL32.dll
 0002:00000000       __imp__GetEnvironmentStrings@0 4001f000     kernel32:KERNEL32.dll
 0002:00000004       __imp__GetVersion@0        4001f004     kernel32:KERNEL32.dll
 0002:00000008       __imp__GetProcAddress@8    4001f008     kernel32:KERNEL32.dll
 0002:0000000c       __imp__GetModuleHandleA@4  4001f00c     kernel32:KERNEL32.dll
 0002:00000010       __imp__WideCharToMultiByte@32 4001f010     kernel32:KERNEL32.dll
 0002:00000014       __imp__MultiByteToWideChar@24 4001f014     kernel32:KERNEL32.dll
 0002:00000018       __imp__LCMapStringA@24     4001f018     kernel32:KERNEL32.dll
 0002:0000001c       __imp__LCMapStringW@24     4001f01c     kernel32:KERNEL32.dll
 0002:00000020       __imp__ExitProcess@4       4001f020     kernel32:KERNEL32.dll
 0002:00000024       __imp__TerminateProcess@8  4001f024     kernel32:KERNEL32.dll
 0002:00000028       __imp__GetCurrentProcess@0 4001f028     kernel32:KERNEL32.dll
 0002:0000002c       __imp__HeapDestroy@4       4001f02c     kernel32:KERNEL32.dll
 0002:00000030       __imp__HeapCreate@12       4001f030     kernel32:KERNEL32.dll
 0002:00000034       __imp__VirtualFree@12      4001f034     kernel32:KERNEL32.dll
 0002:00000038       __imp__HeapFree@12         4001f038     kernel32:KERNEL32.dll
 0002:0000003c       __imp__SetHandleCount@4    4001f03c     kernel32:KERNEL32.dll
 0002:00000040       __imp__GetStdHandle@4      4001f040     kernel32:KERNEL32.dll
 0002:00000044       __imp__GetFileType@4       4001f044     kernel32:KERNEL32.dll
 0002:00000048       __imp__GetStartupInfoA@4   4001f048     kernel32:KERNEL32.dll
 0002:0000004c       __imp__GetModuleFileNameA@12 4001f04c     kernel32:KERNEL32.dll
 0002:00000050       __imp__FreeEnvironmentStringsA@4 4001f050     kernel32:KERNEL32.dll
 0002:00000054       __imp__FreeEnvironmentStringsW@4 4001f054     kernel32:KERNEL32.dll
 0002:00000058       __imp__GetCommandLineA@0   4001f058     kernel32:KERNEL32.dll
 0002:0000005c       __imp__GetEnvironmentStringsW@0 4001f05c     kernel32:KERNEL32.dll
 0002:00000060       __imp__DisableThreadLibraryCalls@4 4001f060     kernel32:KERNEL32.dll
 0002:00000064       __imp__WriteFile@20        4001f064     kernel32:KERNEL32.dll
 0002:00000068       __imp__GetLastError@0      4001f068     kernel32:KERNEL32.dll
 0002:0000006c       __imp__SetFilePointer@16   4001f06c     kernel32:KERNEL32.dll
 0002:00000070       __imp__GetStringTypeA@20   4001f070     kernel32:KERNEL32.dll
 0002:00000074       __imp__GetStringTypeW@16   4001f074     kernel32:KERNEL32.dll
 0002:00000078       __imp__RtlUnwind@16        4001f078     kernel32:KERNEL32.dll
 0002:0000007c       __imp__HeapAlloc@12        4001f07c     kernel32:KERNEL32.dll
 0002:00000080       __imp__VirtualAlloc@16     4001f080     kernel32:KERNEL32.dll
 0002:00000084       __imp__HeapReAlloc@16      4001f084     kernel32:KERNEL32.dll
 0002:00000088       __imp__GetCPInfo@8         4001f088     kernel32:KERNEL32.dll
 0002:0000008c       __imp__GetACP@0            4001f08c     kernel32:KERNEL32.dll
 0002:00000090       __imp__GetOEMCP@0          4001f090     kernel32:KERNEL32.dll
 0002:00000094       __imp__LoadLibraryA@4      4001f094     kernel32:KERNEL32.dll
 0002:00000098       __imp__SetStdHandle@8      4001f098     kernel32:KERNEL32.dll
 0002:0000009c       __imp__FlushFileBuffers@4  4001f09c     kernel32:KERNEL32.dll
 0002:000000a0       __imp__CloseHandle@4       4001f0a0     kernel32:KERNEL32.dll
 0002:000000a4       \177KERNEL32_NULL_THUNK_DATA 4001f0a4     kernel32:KERNEL32.dll
 0002:000000a8       __real@4@00000000000000000000 4001f0a8     bg_misc.obj
 0002:000000b0       __real@8@3ffe8000000000000000 4001f0b0     bg_misc.obj
 0002:000000b8       __real@4@3ff7b60b60b60b60b800 4001f0b8     q_math.obj
 0002:000000bc       __real@4@4000c90fdb0000000000 4001f0bc     q_math.obj
 0002:000000c0       __real@4@4007b400000000000000 4001f0c0     q_math.obj
 0002:000000c4       __real@4@3fff8000000000000000 4001f0c4     q_math.obj
 0002:000000c8       __real@4@3ffe8000000000000000 4001f0c8     q_math.obj
 0002:000000cc       __real@4@c006b400000000000000 4001f0cc     q_math.obj
 0002:000000d0       __real@4@4006b400000000000000 4001f0d0     q_math.obj
 0002:000000d8       __real@8@3ff7b400000000000000 4001f0d8     q_math.obj
 0002:000000e0       __real@8@4006b60b60b60b60b800 4001f0e0     q_math.obj
 0002:000000e8       __real@4@bfff8000000000000000 4001f0e8     q_math.obj
 0002:000000ec       __real@4@3ff98efa350000000000 4001f0ec     q_math.obj
 0002:000000f0       __real@4@3ff583126e978d4fe000 4001f0f0     ui_atoms.obj
 0002:00000148       __real@4@4002a000000000000000 4001f148     ui_main.obj
 0002:0000014c       __real@4@4002f000000000000000 4001f14c     ui_main.obj
 0002:00000150       __real@4@40029000000000000000 4001f150     ui_main.obj
 0002:00000154       __real@4@40028000000000000000 4001f154     ui_main.obj
 0002:00000158       __real@4@4001e000000000000000 4001f158     ui_main.obj
 0002:0000015c       __real@4@4002e000000000000000 4001f15c     ui_main.obj
 0002:00000160       __real@4@4002d000000000000000 4001f160     ui_main.obj
 0002:00000164       __real@4@40008000000000000000 4001f164     ui_main.obj
 0002:00000168       __real@4@40018000000000000000 4001f168     ui_main.obj
 0002:0000016c       __real@4@4002c000000000000000 4001f16c     ui_main.obj
 0002:00000170       __real@8@3fffaaaaaaaaaaaaa800 4001f170     ui_main.obj
 0002:00000178       __real@8@3ff5ccccccccccccd000 4001f178     ui_main.obj
 0002:00000180       __real@8@3ff68888888888888800 4001f180     ui_main.obj
 0002:00000188       __real@4@40038000000000000000 4001f188     ui_main.obj
 0002:00000190       __real@8@3fff8000000000000000 4001f190     ui_main.obj
 0002:00000198       __real@8@3ffeccccccccccccd000 4001f198     ui_main.obj
 0002:000001a0       __real@4@4000c000000000000000 4001f1a0     ui_main.obj
 0002:000001a4       __real@4@4002b000000000000000 4001f1a4     ui_main.obj
 0002:000001a8       __real@4@4004b400000000000000 4001f1a8     ui_main.obj
 0002:000001ac       __real@4@4003f000000000000000 4001f1ac     ui_main.obj
 0002:000001b0       __real@4@400afa00000000000000 4001f1b0     ui_main.obj
 0002:000001b4       __real@4@400b9c40000000000000 4001f1b4     ui_main.obj
 0002:000001b8       __real@4@40078800000000000000 4001f1b8     ui_main.obj
 0002:000001bc       __real@4@4006a000000000000000 4001f1bc     ui_main.obj
 0002:000001c0       __real@4@4006d800000000000000 4001f1c0     ui_main.obj
 0002:000001c4       __real@4@40068800000000000000 4001f1c4     ui_main.obj
 0002:000001c8       __real@4@4006f800000000000000 4001f1c8     ui_main.obj
 0002:000001cc       __real@4@4006c000000000000000 4001f1cc     ui_main.obj
 0002:000001d0       __real@4@4005e000000000000000 4001f1d0     ui_main.obj
 0002:000001d4       __real@4@4005c800000000000000 4001f1d4     ui_players.obj
 0002:000001d8       __real@8@40049cccccccccccc800 4001f1d8     ui_players.obj
 0002:000001e0       __real@4@4005e52ee00000000000 4001f1e0     ui_players.obj
 0002:000001e4       __real@4@3ff88efa355555555800 4001f1e4     ui_players.obj
 0002:000001e8       __real@4@3ffc9000000000000000 4001f1e8     ui_players.obj
 0002:000001f0       __real@8@4004e000000000000000 4001f1f0     ui_players.obj
 0002:000001f8       __real@4@3ff6cde32e147ae14800 4001f1f8     ui_players.obj
 0002:00000200       __real@8@3ffec000000000000000 4001f200     ui_players.obj
 0002:00000208       __real@8@3ffd8000000000000000 4001f208     ui_players.obj
 0002:00000210       __real@4@c003b000000000000000 4001f210     ui_players.obj
 0002:00000214       __real@4@c004b400000000000000 4001f214     ui_players.obj
 0002:00000218       __real@4@4003b000000000000000 4001f218     ui_players.obj
 0002:00000220       __real@8@3ff8a3d70a3d70a3d800 4001f220     ui_players.obj
 0002:00000228       __real@4@4004c000000000000000 4001f228     ui_players.obj
 0002:0000022c       __real@4@4008fa00000000000000 4001f22c     ui_players.obj
 0002:00000234       __real@4@3feb8000000000000000 4001f234     ui_shared.obj
 0002:00000238       __real@4@3fecaaaaaaaaaaaaa800 4001f238     ui_shared.obj
 0002:00000240       __real@8@00000000000000000000 4001f240     ui_shared.obj
 0002:00000248       __real@8@40038000000000000000 4001f248     ui_shared.obj
 0002:00000250       __real@8@40008000000000000000 4001f250     ui_shared.obj
 0002:00000258       __real@8@40048000000000000000 4001f258     ui_shared.obj
 0002:00000260       __real@8@40028000000000000000 4001f260     ui_shared.obj
 0002:00000268       __real@8@40038800000000000000 4001f268     ui_shared.obj
 0002:00000270       __real@8@4005c000000000000000 4001f270     ui_shared.obj
 0002:00000278       __real@8@4001c000000000000000 4001f278     ui_shared.obj
 0002:00000280       __real@8@3ff8aaaaaaaaaaaaa800 4001f280     ui_shared.obj
 0002:00000288       __real@4@3ff8aaaaaaaaaaaaa800 4001f288     ui_shared.obj
 0002:0000028c       __real@4@4001c000000000000000 4001f28c     ui_shared.obj
 0002:00000290       __real@4@3ffecccccd0000000000 4001f290     ui_shared.obj
 0002:00000298       __real@8@4000eece540f4898d000 4001f298     ui_shared.obj
 0002:000002a0       __real@8@bffe8000000000000000 4001f2a0     ui_shared.obj
 0002:000002a8       __real@8@40018000000000000000 4001f2a8     ui_shared.obj
 0002:000002b0       __real@8@4002f000000000000000 4001f2b0     ui_shared.obj
 0002:000002b8       __real@8@3ffad677500000000000 4001f2b8     ui_shared.obj
 0002:000002c0       __real@8@4015800bf60000000000 4001f2c0     LIBC:testfdiv.obj
 0002:000002c8       __real@8@4014bffffc0000000000 4001f2c8     LIBC:testfdiv.obj
 0002:000002d0       ??_C@_0BK@JEGK@IsProcessorFeaturePresent?$AA@ 4001f2d0     LIBC:testfdiv.obj
 0002:000002ec       ??_C@_08OBID@KERNEL32?$AA@ 4001f2ec     LIBC:testfdiv.obj
 0002:000002f8       ??_C@_05OFLO@e?$CL000?$AA@ 4001f2f8     LIBC:cvt.obj
 0002:00000300       ___lookuptable             4001f300     LIBC:output.obj
 0002:0000035c       ??_C@_1O@POHA@?$AA?$CI?$AAn?$AAu?$AAl?$AAl?$AA?$CJ?$AA?$AA@ 4001f35c     LIBC:output.obj
 0002:0000036c       ??_C@_06ONKE@?$CInull?$CJ?$AA@ 4001f36c     LIBC:output.obj
 0002:00000374       ??_C@_01A@?$AA?$AA@        4001f374     LIBC:a_map.obj
 0002:00000378       ??_C@_13A@?$AA?$AA?$AA?$AA@ 4001f378     LIBC:a_map.obj
 0002:00000398       ??_C@_0P@GGKG@runtime?5error?5?$AA@ 4001f398     LIBC:crt0msg.obj
 0002:000003a8       ??_C@_02PIMC@?$AN?6?$AA@   4001f3a8     LIBC:crt0msg.obj
 0002:000003ac       ??_C@_0O@DELO@TLOSS?5error?$AN?6?$AA@ 4001f3ac     LIBC:crt0msg.obj
 0002:000003bc       ??_C@_0N@OMLL@SING?5error?$AN?6?$AA@ 4001f3bc     LIBC:crt0msg.obj
 0002:000003cc       ??_C@_0P@OJAK@DOMAIN?5error?$AN?6?$AA@ 4001f3cc     LIBC:crt0msg.obj
 0002:000003dc       ??_C@_0CF@EANP@R6028?$AN?6?9?5unable?5to?5initialize?5he@ 4001f3dc     LIBC:crt0msg.obj
 0002:00000404       ??_C@_0DF@ECGN@R6027?$AN?6?9?5not?5enough?5space?5for?5lo@ 4001f404     LIBC:crt0msg.obj
 0002:0000043c       ??_C@_0DF@FKAC@R6026?$AN?6?9?5not?5enough?5space?5for?5st@ 4001f43c     LIBC:crt0msg.obj
 0002:00000474       ??_C@_0CG@DPMN@R6025?$AN?6?9?5pure?5virtual?5function?5c@ 4001f474     LIBC:crt0msg.obj
 0002:0000049c       ??_C@_0DF@CKIP@R6024?$AN?6?9?5not?5enough?5space?5for?5_o@ 4001f49c     LIBC:crt0msg.obj
 0002:000004d4       ??_C@_0CJ@GGOE@R6019?$AN?6?9?5unable?5to?5open?5console?5@ 4001f4d4     LIBC:crt0msg.obj
 0002:00000500       ??_C@_0CB@LBOB@R6018?$AN?6?9?5unexpected?5heap?5error?$AN?6@ 4001f500     LIBC:crt0msg.obj
 0002:00000524       ??_C@_0CN@FPEG@R6017?$AN?6?9?5unexpected?5multithread?5@ 4001f524     LIBC:crt0msg.obj
 0002:00000554       ??_C@_0CM@OBIC@R6016?$AN?6?9?5not?5enough?5space?5for?5th@ 4001f554     LIBC:crt0msg.obj
 0002:00000580       ??_C@_0CB@HPAL@?$AN?6abnormal?5program?5termination?$AN?6@ 4001f580     LIBC:crt0msg.obj
 0002:000005a4       ??_C@_0CM@JOOB@R6009?$AN?6?9?5not?5enough?5space?5for?5en@ 4001f5a4     LIBC:crt0msg.obj
 0002:000005d0       ??_C@_0CK@OIBL@R6008?$AN?6?9?5not?5enough?5space?5for?5ar@ 4001f5d0     LIBC:crt0msg.obj
 0002:000005fc       ??_C@_0CF@LKPB@R6002?$AN?6?9?5floating?5point?5not?5load@ 4001f5fc     LIBC:crt0msg.obj
 0002:00000624       ??_C@_0CF@JPDF@Microsoft?5Visual?5C?$CL?$CL?5Runtime?5Lib@ 4001f624     LIBC:crt0msg.obj
 0002:0000064c       ??_C@_02JJJH@?6?6?$AA@     4001f64c     LIBC:crt0msg.obj
 0002:00000650       ??_C@_0BK@DEOK@Runtime?5Error?$CB?6?6Program?3?5?$AA@ 4001f650     LIBC:crt0msg.obj
 0002:0000066c       ??_C@_0BH@NNCD@?$DMprogram?5name?5unknown?$DO?$AA@ 4001f66c     LIBC:crt0msg.obj
 0002:00000694       ??_C@_0BD@NJFP@GetLastActivePopup?$AA@ 4001f694     LIBC:crtmbox.obj
 0002:000006a8       ??_C@_0BA@GILI@GetActiveWindow?$AA@ 4001f6a8     LIBC:crtmbox.obj
 0002:000006b8       ??_C@_0M@PKCK@MessageBoxA?$AA@ 4001f6b8     LIBC:crtmbox.obj
 0002:000006c4       ??_C@_0L@HKL@user32?4dll?$AA@ 4001f6c4     LIBC:crtmbox.obj
 0002:000006d0       ??_C@_06PAPI@1?$CDQNAN?$AA@ 4001f6d0     LIBC:x10fout.obj
 0002:000006d8       ??_C@_05BGNL@1?$CDINF?$AA@ 4001f6d8     LIBC:x10fout.obj
 0002:000006e0       ??_C@_05EDPF@1?$CDIND?$AA@ 4001f6e0     LIBC:x10fout.obj
 0002:000006e8       ??_C@_06LKFM@1?$CDSNAN?$AA@ 4001f6e8     LIBC:x10fout.obj
 0002:000006f0       __IMPORT_DESCRIPTOR_KERNEL32 4001f6f0     kernel32:KERNEL32.dll
 0002:00000704       __NULL_IMPORT_DESCRIPTOR   4001f704     kernel32:KERNEL32.dll
 0003:00000000       ___xc_a                    40020000     LIBC:crt0init.obj
 0003:00000004       ___xc_z                    40020004     LIBC:crt0init.obj
 0003:00000008       ___xi_a                    40020008     LIBC:crt0init.obj
 0003:00000014       ___xi_z                    40020014     LIBC:crt0init.obj
 0003:00000018       ___xp_a                    40020018     LIBC:crt0init.obj
 0003:00000020       ___xp_z                    40020020     LIBC:crt0init.obj
 0003:00000024       ___xt_a                    40020024     LIBC:crt0init.obj
 0003:00000028       ___xt_z                    40020028     LIBC:crt0init.obj
 0003:00000030       _bg_itemlist               40020030     bg_misc.obj
 0003:000006b0       _bg_numItems               400206b0     bg_misc.obj
 0003:000006b4       _eventnames                400206b4     bg_misc.obj
 0003:00000854       ??_C@_08DFDJ@EV_TAUNT?$AA@ 40020854     bg_misc.obj
 0003:00000860       ??_C@_0BE@BDJC@EV_STOPLOOPINGSOUND?$AA@ 40020860     bg_misc.obj
 0003:00000874       ??_C@_0O@BDBB@EV_DEBUG_LINE?$AA@ 40020874     bg_misc.obj
 0003:00000884       ??_C@_0BB@MBOB@EV_LIGHTNINGBOLT?$AA@ 40020884     bg_misc.obj
 0003:00000898       ??_C@_09JFKJ@EV_JUICED?$AA@ 40020898     bg_misc.obj
 0003:000008a4       ??_C@_0BA@GDOI@EV_INVUL_IMPACT?$AA@ 400208a4     bg_misc.obj
 0003:000008b4       ??_C@_0BC@POAK@EV_OBELISKEXPLODE?$AA@ 400208b4     bg_misc.obj
 0003:000008c8       ??_C@_0M@KIDO@EV_KAMIKAZE?$AA@ 400208c8     bg_misc.obj
 0003:000008d4       ??_C@_0BK@KGMO@EV_PROXIMITY_MINE_TRIGGER?$AA@ 400208d4     bg_misc.obj
 0003:000008f0       ??_C@_0BI@LIAD@EV_PROXIMITY_MINE_STICK?$AA@ 400208f0     bg_misc.obj
 0003:00000908       ??_C@_0N@CDHP@EV_SCOREPLUM?$AA@ 40020908     bg_misc.obj
 0003:00000918       ??_C@_0BA@BIIL@EV_BREAK_GLASS3?$AA@ 40020918     bg_misc.obj
 0003:00000928       ??_C@_0BA@LCBM@EV_BREAK_GLASS2?$AA@ 40020928     bg_misc.obj
 0003:00000938       ??_C@_0BA@ENKF@EV_BREAK_GLASS1?$AA@ 40020938     bg_misc.obj
 0003:00000948       ??_C@_0O@CIDG@EV_GIB_PLAYER?$AA@ 40020948     bg_misc.obj
 0003:00000958       ??_C@_0BB@LKNF@EV_POWERUP_REGEN?$AA@ 40020958     bg_misc.obj
 0003:0000096c       ??_C@_0BG@KJJ@EV_POWERUP_BATTLESUIT?$AA@ 4002096c     bg_misc.obj
 0003:00000984       ??_C@_0BA@EMDG@EV_POWERUP_QUAD?$AA@ 40020984     bg_misc.obj
 0003:00000994       ??_C@_0BB@EDFG@EV_OBITUARY_LEGS?$AA@ 40020994     bg_misc.obj
 0003:000009a8       ??_C@_0BE@MKJJ@EV_OBITUARY_STOMACH?$AA@ 400209a8     bg_misc.obj
 0003:000009bc       ??_C@_0BC@MINI@EV_OBITUARY_CHEST?$AA@ 400209bc     bg_misc.obj
 0003:000009d0       ??_C@_0BB@FNHE@EV_OBITUARY_HEAD?$AA@ 400209d0     bg_misc.obj
 0003:000009e4       ??_C@_0M@MMOI@EV_OBITUARY?$AA@ 400209e4     bg_misc.obj
 0003:000009f0       ??_C@_09EH@EV_DEATH3?$AA@  400209f0     bg_misc.obj
 0003:000009fc       ??_C@_09KKNA@EV_DEATH2?$AA@ 400209fc     bg_misc.obj
 0003:00000a08       ??_C@_09FFGJ@EV_DEATH1?$AA@ 40020a08     bg_misc.obj
 0003:00000a14       ??_C@_07MFPI@EV_PAIN?$AA@  40020a14     bg_misc.obj
 0003:00000a1c       ??_C@_0M@IIFM@EV_HEADSHOT?$AA@ 40020a1c     bg_misc.obj
 0003:00000a28       ??_C@_09PBG@EV_BULLET?$AA@ 40020a28     bg_misc.obj
 0003:00000a34       ??_C@_0O@CBGF@EV_HANDCANNON?$AA@ 40020a34     bg_misc.obj
 0003:00000a44       ??_C@_0L@PELA@EV_SHOTGUN?$AA@ 40020a44     bg_misc.obj
 0003:00000a50       ??_C@_0N@FBDJ@EV_RAILTRAIL?$AA@ 40020a50     bg_misc.obj
 0003:00000a60       ??_C@_0O@FONL@EV_KNIFE_MISS?$AA@ 40020a60     bg_misc.obj
 0003:00000a70       ??_C@_0BG@KLM@EV_MISSILE_MISS_METAL?$AA@ 40020a70     bg_misc.obj
 0003:00000a88       ??_C@_0BA@FHCK@EV_MISSILE_MISS?$AA@ 40020a88     bg_misc.obj
 0003:00000a98       ??_C@_0P@GMEB@EV_MISSILE_HIT?$AA@ 40020a98     bg_misc.obj
 0003:00000aa8       ??_C@_0O@KAOD@EV_EJECTBLOOD?$AA@ 40020aa8     bg_misc.obj
 0003:00000ab8       ??_C@_0M@OCGO@EV_JUMPKICK?$AA@ 40020ab8     bg_misc.obj
 0003:00000ac4       ??_C@_0BF@KNPJ@EV_SSG3000_HIT_FLESH?$AA@ 40020ac4     bg_misc.obj
 0003:00000adc       ??_C@_0BE@DNF@EV_BULLET_HIT_GLASS?$AA@ 40020adc     bg_misc.obj
 0003:00000af0       ??_C@_0BF@LMO@EV_BULLET_HIT_KEVLAR?$AA@ 40020af0     bg_misc.obj
 0003:00000b08       ??_C@_0BE@JJIA@EV_BULLET_HIT_METAL?$AA@ 40020b08     bg_misc.obj
 0003:00000b1c       ??_C@_0BD@FCGB@EV_BULLET_HIT_WALL?$AA@ 40020b1c     bg_misc.obj
 0003:00000b30       ??_C@_0BE@OJNL@EV_BULLET_HIT_FLESH?$AA@ 40020b30     bg_misc.obj
 0003:00000b44       ??_C@_0M@LEJO@EV_DMREWARD?$AA@ 40020b44     bg_misc.obj
 0003:00000b50       ??_C@_0N@HDLO@EV_RQ3_SOUND?$AA@ 40020b50     bg_misc.obj
 0003:00000b60       ??_C@_0BF@GBCB@EV_GLOBAL_TEAM_SOUND?$AA@ 40020b60     bg_misc.obj
 0003:00000b78       ??_C@_0BA@DICP@EV_GLOBAL_SOUND?$AA@ 40020b78     bg_misc.obj
 0003:00000b88       ??_C@_0BB@PHBP@EV_GENERAL_SOUND?$AA@ 40020b88     bg_misc.obj
 0003:00000b9c       ??_C@_0BC@MNAB@EV_GRENADE_BOUNCE?$AA@ 40020b9c     bg_misc.obj
 0003:00000bb0       ??_C@_0BH@CBAJ@EV_PLAYER_TELEPORT_OUT?$AA@ 40020bb0     bg_misc.obj
 0003:00000bc8       ??_C@_0BG@JACO@EV_PLAYER_TELEPORT_IN?$AA@ 40020bc8     bg_misc.obj
 0003:00000be0       ??_C@_0M@FEGJ@EV_ITEM_POP?$AA@ 40020be0     bg_misc.obj
 0003:00000bec       ??_C@_0BA@KOE@EV_ITEM_RESPAWN?$AA@ 40020bec     bg_misc.obj
 0003:00000bfc       ??_C@_0O@PBJJ@EV_USE_ITEM15?$AA@ 40020bfc     bg_misc.obj
 0003:00000c0c       ??_C@_0O@FLAO@EV_USE_ITEM14?$AA@ 40020c0c     bg_misc.obj
 0003:00000c1c       ??_C@_0O@OOL@EV_USE_ITEM13?$AA@ 40020c1c     bg_misc.obj
 0003:00000c2c       ??_C@_0O@KEHM@EV_USE_ITEM12?$AA@ 40020c2c     bg_misc.obj
 0003:00000c3c       ??_C@_0O@FLMF@EV_USE_ITEM11?$AA@ 40020c3c     bg_misc.obj
 0003:00000c4c       ??_C@_0O@PBFC@EV_USE_ITEM10?$AA@ 40020c4c     bg_misc.obj
 0003:00000c5c       ??_C@_0N@JGCE@EV_USE_ITEM9?$AA@ 40020c5c     bg_misc.obj
 0003:00000c6c       ??_C@_0N@DMLD@EV_USE_ITEM8?$AA@ 40020c6c     bg_misc.obj
 0003:00000c7c       ??_C@_0N@DNOO@EV_USE_ITEM7?$AA@ 40020c7c     bg_misc.obj
 0003:00000c8c       ??_C@_0N@JHHJ@EV_USE_ITEM6?$AA@ 40020c8c     bg_misc.obj
 0003:00000c9c       ??_C@_0N@GIMA@EV_USE_ITEM5?$AA@ 40020c9c     bg_misc.obj
 0003:00000cac       ??_C@_0N@MCFH@EV_USE_ITEM4?$AA@ 40020cac     bg_misc.obj
 0003:00000cbc       ??_C@_0N@JHLC@EV_USE_ITEM3?$AA@ 40020cbc     bg_misc.obj
 0003:00000ccc       ??_C@_0N@DNCF@EV_USE_ITEM2?$AA@ 40020ccc     bg_misc.obj
 0003:00000cdc       ??_C@_0N@MCJM@EV_USE_ITEM1?$AA@ 40020cdc     bg_misc.obj
 0003:00000cec       ??_C@_0N@GIAL@EV_USE_ITEM0?$AA@ 40020cec     bg_misc.obj
 0003:00000cfc       ??_C@_0BC@LPPI@EV_RELOAD_WEAPON2?$AA@ 40020cfc     bg_misc.obj
 0003:00000d10       ??_C@_0BC@EAEB@EV_RELOAD_WEAPON1?$AA@ 40020d10     bg_misc.obj
 0003:00000d24       ??_C@_0BC@OKNG@EV_RELOAD_WEAPON0?$AA@ 40020d24     bg_misc.obj
 0003:00000d38       ??_C@_0P@HOLG@EV_FIRE_WEAPON?$AA@ 40020d38     bg_misc.obj
 0003:00000d48       ??_C@_0BB@OKAK@EV_CHANGE_WEAPON?$AA@ 40020d48     bg_misc.obj
 0003:00000d5c       ??_C@_09MIBL@EV_NOAMMO?$AA@ 40020d5c     bg_misc.obj
 0003:00000d68       ??_C@_0BG@LBJI@EV_GLOBAL_ITEM_PICKUP?$AA@ 40020d68     bg_misc.obj
 0003:00000d80       ??_C@_0P@DDBJ@EV_ITEM_PICKUP?$AA@ 40020d80     bg_misc.obj
 0003:00000d90       ??_C@_0P@HGEE@EV_WATER_CLEAR?$AA@ 40020d90     bg_misc.obj
 0003:00000da0       ??_C@_0P@PGNG@EV_WATER_UNDER?$AA@ 40020da0     bg_misc.obj
 0003:00000db0       ??_C@_0P@KHGF@EV_WATER_LEAVE?$AA@ 40020db0     bg_misc.obj
 0003:00000dc0       ??_C@_0P@NPME@EV_WATER_TOUCH?$AA@ 40020dc0     bg_misc.obj
 0003:00000dd0       ??_C@_07MBMN@EV_JUMP?$AA@  40020dd0     bg_misc.obj
 0003:00000dd8       ??_C@_0M@ONMG@EV_JUMP_PAD?$AA@ 40020dd8     bg_misc.obj
 0003:00000de4       ??_C@_0BE@OAMH@EV_FALL_FAR_NOSOUND?$AA@ 40020de4     bg_misc.obj
 0003:00000df8       ??_C@_0M@FCFB@EV_FALL_FAR?$AA@ 40020df8     bg_misc.obj
 0003:00000e04       ??_C@_0BH@EOP@EV_FALL_MEDIUM_NOSOUND?$AA@ 40020e04     bg_misc.obj
 0003:00000e1c       ??_C@_0P@DAAM@EV_FALL_MEDIUM?$AA@ 40020e1c     bg_misc.obj
 0003:00000e2c       ??_C@_0BG@NOKD@EV_FALL_SHORT_NOSOUND?$AA@ 40020e2c     bg_misc.obj
 0003:00000e44       ??_C@_0O@MOHH@EV_FALL_SHORT?$AA@ 40020e44     bg_misc.obj
 0003:00000e54       ??_C@_0L@BPHB@EV_STEP_16?$AA@ 40020e54     bg_misc.obj
 0003:00000e60       ??_C@_0L@LFCN@EV_STEP_12?$AA@ 40020e60     bg_misc.obj
 0003:00000e6c       ??_C@_09GNLK@EV_STEP_8?$AA@ 40020e6c     bg_misc.obj
 0003:00000e78       ??_C@_09JDFO@EV_STEP_4?$AA@ 40020e78     bg_misc.obj
 0003:00000e84       ??_C@_07JIKK@EV_SWIM?$AA@  40020e84     bg_misc.obj
 0003:00000e8c       ??_C@_0M@FIHK@EV_FOOTWADE?$AA@ 40020e8c     bg_misc.obj
 0003:00000e98       ??_C@_0O@KHFI@EV_FOOTSPLASH?$AA@ 40020e98     bg_misc.obj
 0003:00000ea8       ??_C@_0BD@EOFK@EV_FOOTSTEP_METAL2?$AA@ 40020ea8     bg_misc.obj
 0003:00000ebc       ??_C@_0BD@BJDC@EV_FOOTSTEP_CARPET?$AA@ 40020ebc     bg_misc.obj
 0003:00000ed0       ??_C@_0BB@EBKA@EV_FOOTSTEP_WOOD?$AA@ 40020ed0     bg_misc.obj
 0003:00000ee4       ??_C@_0BC@NOII@EV_FOOTSTEP_GRASS?$AA@ 40020ee4     bg_misc.obj
 0003:00000ef8       ??_C@_0BC@OEIA@EV_FOOTSTEP_METAL?$AA@ 40020ef8     bg_misc.obj
 0003:00000f0c       ??_C@_0M@EJAF@EV_FOOTSTEP?$AA@ 40020f0c     bg_misc.obj
 0003:00000f18       ??_C@_07NDDD@EV_NONE?$AA@  40020f18     bg_misc.obj
 0003:00000f20       ??_C@_0BB@PGLE@Stealth?5Slippers?$AA@ 40020f20     bg_misc.obj
 0003:00000f34       ??_C@_0BF@BFG@icons?1iconi_slippers?$AA@ 40020f34     bg_misc.obj
 0003:00000f4c       ??_C@_0BK@PNKF@models?1items?1slippers?4md3?$AA@ 40020f4c     bg_misc.obj
 0003:00000f68       ??_C@_0BJ@BCHJ@sound?1items?1slippers?4wav?$AA@ 40020f68     bg_misc.obj
 0003:00000f84       ??_C@_0O@HEEF@item_slippers?$AA@ 40020f84     bg_misc.obj
 0003:00000f94       ??_C@_09COCH@Bandolier?$AA@ 40020f94     bg_misc.obj
 0003:00000fa0       ??_C@_0BG@LOMK@icons?1iconi_bandolier?$AA@ 40020fa0     bg_misc.obj
 0003:00000fb8       ??_C@_0BL@EBCM@models?1items?1bandolier?4md3?$AA@ 40020fb8     bg_misc.obj
 0003:00000fd4       ??_C@_0BK@NJMG@sound?1items?1bandolier?4wav?$AA@ 40020fd4     bg_misc.obj
 0003:00000ff0       ??_C@_0P@NILP@item_bandolier?$AA@ 40020ff0     bg_misc.obj
 0003:00001000       ??_C@_0L@OLAC@Lasersight?$AA@ 40021000     bg_misc.obj
 0003:0000100c       ??_C@_0BC@ECEO@icons?1iconi_laser?$AA@ 4002100c     bg_misc.obj
 0003:00001020       ??_C@_0BH@OIPK@models?1items?1laser?4md3?$AA@ 40021020     bg_misc.obj
 0003:00001038       ??_C@_0BG@NONL@sound?1items?1laser?4wav?$AA@ 40021038     bg_misc.obj
 0003:00001050       ??_C@_0L@PGOP@item_laser?$AA@ 40021050     bg_misc.obj
 0003:0000105c       ??_C@_08HEGP@Silencer?$AA@ 4002105c     bg_misc.obj
 0003:00001068       ??_C@_0BF@JJBB@icons?1iconi_silencer?$AA@ 40021068     bg_misc.obj
 0003:00001080       ??_C@_0BK@GEHE@models?1items?1silencer?4md3?$AA@ 40021080     bg_misc.obj
 0003:0000109c       ??_C@_0BJ@ILKI@sound?1items?1silencer?4wav?$AA@ 4002109c     bg_misc.obj
 0003:000010b8       ??_C@_0O@OMAC@item_silencer?$AA@ 400210b8     bg_misc.obj
 0003:000010c8       ??_C@_0M@EEPB@Kevlar?5Vest?$AA@ 400210c8     bg_misc.obj
 0003:000010d4       ??_C@_0BD@EPCG@icons?1iconi_kevlar?$AA@ 400210d4     bg_misc.obj
 0003:000010e8       ??_C@_0BI@FNNH@models?1items?1kevlar?4md3?$AA@ 400210e8     bg_misc.obj
 0003:00001100       ??_C@_0BH@IOOE@sound?1items?1kevlar?4wav?$AA@ 40021100     bg_misc.obj
 0003:00001118       ??_C@_0M@KKJC@item_kevlar?$AA@ 40021118     bg_misc.obj
 0003:00001124       ??_C@_09DHIB@Blue?5Flag?$AA@ 40021124     bg_misc.obj
 0003:00001130       ??_C@_0BB@NLLL@icons?1iconf_blu1?$AA@ 40021130     bg_misc.obj
 0003:00001144       ??_C@_0BI@ILPD@models?1flags?1b_flag?4md3?$AA@ 40021144     bg_misc.obj
 0003:0000115c       ??_C@_0BC@GPLF@team_CTF_blueflag?$AA@ 4002115c     bg_misc.obj
 0003:00001170       ??_C@_08CLEI@Red?5Flag?$AA@ 40021170     bg_misc.obj
 0003:0000117c       ??_C@_0BB@DADK@icons?1iconf_red1?$AA@ 4002117c     bg_misc.obj
 0003:00001190       ??_C@_0BI@HHNH@models?1flags?1r_flag?4md3?$AA@ 40021190     bg_misc.obj
 0003:000011a8       ??_C@_0BB@FOCB@team_CTF_redflag?$AA@ 400211a8     bg_misc.obj
 0003:000011bc       ??_C@_07FPJA@M4?5Clip?$AA@ 400211bc     bg_misc.obj
 0003:000011c4       ??_C@_0BD@NNPH@icons?1icona_m4clip?$AA@ 400211c4     bg_misc.obj
 0003:000011d8       ??_C@_0BD@OKPH@models?1ammo?1m4?4md3?$AA@ 400211d8     bg_misc.obj
 0003:000011ec       ??_C@_07LEJD@ammo_m4?$AA@  400211ec     bg_misc.obj
 0003:000011f4       ??_C@_08OBEB@MP5?5Clip?$AA@ 400211f4     bg_misc.obj
 0003:00001200       ??_C@_0BE@IFOP@icons?1icona_mp5clip?$AA@ 40021200     bg_misc.obj
 0003:00001214       ??_C@_0BE@LKND@models?1ammo?1mp5?4md3?$AA@ 40021214     bg_misc.obj
 0003:00001228       ??_C@_08HNOA@ammo_mp5?$AA@ 40021228     bg_misc.obj
 0003:00001234       ??_C@_0P@KHML@AP?5Sniper?5Ammo?$AA@ 40021234     bg_misc.obj
 0003:00001244       ??_C@_0BE@OAPL@icons?1icona_ssgammo?$AA@ 40021244     bg_misc.obj
 0003:00001258       ??_C@_0BI@IOGG@models?1ammo?1ssg3000?4md3?$AA@ 40021258     bg_misc.obj
 0003:00001270       ??_C@_0N@DDAI@ammo_ssg3000?$AA@ 40021270     bg_misc.obj
 0003:00001280       ??_C@_0P@LFM@Shotgun?5Shells?$AA@ 40021280     bg_misc.obj
 0003:00001290       ??_C@_0BD@LBNP@icons?1icona_shells?$AA@ 40021290     bg_misc.obj
 0003:000012a4       ??_C@_0BD@IKAN@models?1ammo?1m3?4md3?$AA@ 400212a4     bg_misc.obj
 0003:000012b8       ??_C@_0M@MOIJ@ammo_shells?$AA@ 400212b8     bg_misc.obj
 0003:000012c4       ??_C@_09ENLD@MK23?5Clip?$AA@ 400212c4     bg_misc.obj
 0003:000012d0       ??_C@_0BF@OOMI@icons?1icona_mk23clip?$AA@ 400212d0     bg_misc.obj
 0003:000012e8       ??_C@_0BF@KCPM@models?1ammo?1mk23?4md3?$AA@ 400212e8     bg_misc.obj
 0003:00001300       ??_C@_09JOF@ammo_mk23?$AA@ 40021300     bg_misc.obj
 0003:0000130c       ??_C@_0CI@DNKN@models?1weapons2?1grenade?1grenade_@ 4002130c     bg_misc.obj
 0003:00001334       ??_C@_0M@KHFK@grenade_1st?$AA@ 40021334     bg_misc.obj
 0003:00001340       ??_C@_0CG@CIA@models?1weapons2?1akimbo?1akimbo_1s@ 40021340     bg_misc.obj
 0003:00001368       ??_C@_0L@DJPM@akimbo_1st?$AA@ 40021368     bg_misc.obj
 0003:00001374       ??_C@_0BO@NHGO@models?1weapons2?1m3?1m3_1st?4md3?$AA@ 40021374     bg_misc.obj
 0003:00001394       ??_C@_06GODC@m3_1st?$AA@   40021394     bg_misc.obj
 0003:0000139c       ??_C@_0CO@JDDM@models?1weapons2?1handcannon?1handc@ 4002139c     bg_misc.obj
 0003:000013cc       ??_C@_0P@FCGD@handcannon_1st?$AA@ 400213cc     bg_misc.obj
 0003:000013dc       ??_C@_0CA@OION@models?1weapons2?1mp5?1mp5_1st?4md3?$AA@ 400213dc     bg_misc.obj
 0003:000013fc       ??_C@_07NHM@mp5_1st?$AA@   400213fc     bg_misc.obj
 0003:00001404       ??_C@_0CI@PLEA@models?1weapons2?1ssg3000?1ssg3000_@ 40021404     bg_misc.obj
 0003:0000142c       ??_C@_0M@CDPK@ssg3000_1st?$AA@ 4002142c     bg_misc.obj
 0003:00001438       ??_C@_0BO@JJAD@models?1weapons2?1m4?1m4_1st?4md3?$AA@ 40021438     bg_misc.obj
 0003:00001458       ??_C@_06OMI@m4_1st?$AA@    40021458     bg_misc.obj
 0003:00001460       ??_C@_0CC@MHFN@models?1weapons2?1mk23?1mk23_1st?4md@ 40021460     bg_misc.obj
 0003:00001484       ??_C@_0L@KAGG@pistol_1st?$AA@ 40021484     bg_misc.obj
 0003:00001490       ??_C@_0CE@GPLK@models?1weapons2?1knife?1knife_1st?4@ 40021490     bg_misc.obj
 0003:000014b4       ??_C@_09OLJK@knife_1st?$AA@ 400214b4     bg_misc.obj
 0003:000014c0       ??_C@_0BK@MDCB@M26?5Fragmentation?5Grenade?$AA@ 400214c0     bg_misc.obj
 0003:000014dc       ??_C@_0BB@JOOP@icons?1iconw_gren?$AA@ 400214dc     bg_misc.obj
 0003:000014f0       ??_C@_0CE@EDED@models?1weapons2?1grenade?1grenade?4@ 400214f0     bg_misc.obj
 0003:00001514       ??_C@_0P@DHPO@weapon_grenade?$AA@ 40021514     bg_misc.obj
 0003:00001524       ??_C@_0BC@DHCA@Dual?5MK23?5Pistols?$AA@ 40021524     bg_misc.obj
 0003:00001538       ??_C@_0BD@GKAN@icons?1iconw_akimbo?$AA@ 40021538     bg_misc.obj
 0003:0000154c       ??_C@_0CC@DEM@models?1weapons2?1akimbo?1akimbo?4md@ 4002154c     bg_misc.obj
 0003:00001570       ??_C@_0O@BCLM@weapon_akimbo?$AA@ 40021570     bg_misc.obj
 0003:00001580       ??_C@_0BM@IFGG@M3?5Super?590?5Assault?5Shotgun?$AA@ 40021580     bg_misc.obj
 0003:0000159c       ??_C@_0P@DGFD@icons?1iconw_m3?$AA@ 4002159c     bg_misc.obj
 0003:000015ac       ??_C@_0BK@HPEJ@models?1weapons2?1m3?1m3?4md3?$AA@ 400215ac     bg_misc.obj
 0003:000015c8       ??_C@_0BK@GKI@sound?1weapons?1m3?1m3in?4wav?$AA@ 400215c8     bg_misc.obj
 0003:000015e4       ??_C@_09GGNK@weapon_m3?$AA@ 400215e4     bg_misc.obj
 0003:000015f0       ??_C@_0L@CNIE@Handcannon?$AA@ 400215f0     bg_misc.obj
 0003:000015fc       ??_C@_0BF@IGOM@icons?1iconw_sawedoff?$AA@ 400215fc     bg_misc.obj
 0003:00001614       ??_C@_0CK@JEHE@models?1weapons2?1handcannon?1handc@ 40021614     bg_misc.obj
 0003:00001640       ??_C@_0CE@FBHN@sound?1weapons?1handcannon?1hcopen?4@ 40021640     bg_misc.obj
 0003:00001664       ??_C@_0BC@FJDL@weapon_handcannon?$AA@ 40021664     bg_misc.obj
 0003:00001678       ??_C@_0BF@LJAA@MP5?110?5Submachinegun?$AA@ 40021678     bg_misc.obj
 0003:00001690       ??_C@_0BA@BADH@icons?1iconw_mp5?$AA@ 40021690     bg_misc.obj
 0003:000016a0       ??_C@_0BM@PCPA@models?1weapons2?1mp5?1mp5?4md3?$AA@ 400216a0     bg_misc.obj
 0003:000016bc       ??_C@_0BP@MEEK@sound?1weapons?1mp5?1mp5slide?4wav?$AA@ 400216bc     bg_misc.obj
 0003:000016dc       ??_C@_0L@LEGH@weapon_mp5?$AA@ 400216dc     bg_misc.obj
 0003:000016e8       ??_C@_0N@CKAL@Sniper?5Rifle?$AA@ 400216e8     bg_misc.obj
 0003:000016f8       ??_C@_0BA@CPPO@icons?1iconw_ssg?$AA@ 400216f8     bg_misc.obj
 0003:00001708       ??_C@_0CE@GOME@models?1weapons2?1ssg3000?1ssg3000?4@ 40021708     bg_misc.obj
 0003:0000172c       ??_C@_0CA@JDEG@sound?1weapons?1ssg3000?1ssgin?4wav?$AA@ 4002172c     bg_misc.obj
 0003:0000174c       ??_C@_0P@EKDN@weapon_ssg3000?$AA@ 4002174c     bg_misc.obj
 0003:0000175c       ??_C@_0BB@NMPE@M4?5Assault?5Rifle?$AA@ 4002175c     bg_misc.obj
 0003:00001770       ??_C@_0P@GDLG@icons?1iconw_m4?$AA@ 40021770     bg_misc.obj
 0003:00001780       ??_C@_0BK@OHHK@models?1weapons2?1m4?1m4?4md3?$AA@ 40021780     bg_misc.obj
 0003:0000179c       ??_C@_0BN@HLLI@sound?1weapons?1m4?1m4slide?4wav?$AA@ 4002179c     bg_misc.obj
 0003:000017bc       ??_C@_09DDDP@weapon_m4?$AA@ 400217bc     bg_misc.obj
 0003:000017c8       ??_C@_0M@JLIE@MK23?5Pistol?$AA@ 400217c8     bg_misc.obj
 0003:000017d4       ??_C@_0BB@OEII@icons?1iconw_mk23?$AA@ 400217d4     bg_misc.obj
 0003:000017e8       ??_C@_0BO@CLBM@models?1weapons2?1mk23?1mk23?4md3?$AA@ 400217e8     bg_misc.obj
 0003:00001808       ??_C@_0CB@HMBI@sound?1weapons?1mk23?1mk23slide?4wav@ 40021808     bg_misc.obj
 0003:0000182c       ??_C@_0O@ENGF@weapon_pistol?$AA@ 4002182c     bg_misc.obj
 0003:0000183c       ??_C@_0N@KJMB@Combat?5Knife?$AA@ 4002183c     bg_misc.obj
 0003:0000184c       ??_C@_0BC@FKII@icons?1iconw_knife?$AA@ 4002184c     bg_misc.obj
 0003:00001860       ??_C@_0CA@DGAC@models?1weapons2?1knife?1knife?4md3?$AA@ 40021860     bg_misc.obj
 0003:00001880       ??_C@_0BH@EMHN@sound?1misc?1am_pkup?4wav?$AA@ 40021880     bg_misc.obj
 0003:00001898       ??_C@_0N@OLHB@weapon_knife?$AA@ 40021898     bg_misc.obj
 0003:000018a8       _axisDefault               400218a8     q_math.obj
 0003:000018cc       _colorBlack                400218cc     q_math.obj
 0003:000018dc       _colorRed                  400218dc     q_math.obj
 0003:000018ec       _colorGreen                400218ec     q_math.obj
 0003:000018fc       _colorBlue                 400218fc     q_math.obj
 0003:0000190c       _colorYellow               4002190c     q_math.obj
 0003:0000191c       _colorMagenta              4002191c     q_math.obj
 0003:0000192c       _colorCyan                 4002192c     q_math.obj
 0003:0000193c       _colorWhite                4002193c     q_math.obj
 0003:0000194c       _colorLtGrey               4002194c     q_math.obj
 0003:0000195c       _colorMdGrey               4002195c     q_math.obj
 0003:0000196c       _colorDkGrey               4002196c     q_math.obj
 0003:0000197c       _g_color_table             4002197c     q_math.obj
 0003:000019fc       _bytedirs                  400219fc     q_math.obj
 0003:00002194       ??_C@_02DILL@?$CFs?$AA@    40022194     q_shared.obj
 0003:00002198       ??_C@_0BJ@GDCK@Q_strncpyz?3?5destsize?5?$DM?51?$AA@ 40022198     q_shared.obj
 0003:000021b4       ??_C@_0BF@OBLI@Q_strncpyz?3?5NULL?5src?$AA@ 400221b4     q_shared.obj
 0003:000021cc       ??_C@_0BG@BANA@Q_strncpyz?3?5NULL?5dest?$AA@ 400221cc     q_shared.obj
 0003:000021e4       ??_C@_0BN@PKJG@Q_strcat?3?5already?5overflowed?$AA@ 400221e4     q_shared.obj
 0003:00002204       ??_C@_0CD@KCEE@Com_sprintf?3?5overflow?5of?5?$CFi?5in?5?$CF@ 40022204     q_shared.obj
 0003:00002228       ??_C@_0CC@NDC@Com_sprintf?3?5overflowed?5bigbuffe@ 40022228     q_shared.obj
 0003:0000224c       ??_C@_0CG@FAFH@Info_ValueForKey?3?5oversize?5infos@ 4002224c     q_shared.obj
 0003:00002274       ??_C@_0CE@CNEE@Info_RemoveKey?3?5oversize?5infostr@ 40022274     q_shared.obj
 0003:00002298       ??_C@_0CD@MJE@Can?8t?5use?5keys?5or?5values?5with?5a?5@ 40022298     q_shared.obj
 0003:000022bc       ??_C@_0CL@GPCB@Can?8t?5use?5keys?5or?5values?5with?5a?5@ 400222bc     q_shared.obj
 0003:000022e8       ??_C@_0CD@NLGB@Can?8t?5use?5keys?5or?5values?5with?5a?5@ 400222e8     q_shared.obj
 0003:0000230c       ??_C@_0BN@DPCF@Info?5string?5length?5exceeded?6?$AA@ 4002230c     q_shared.obj
 0003:0000232c       ??_C@_06GNBE@?2?$CFs?2?$CFs?$AA@ 4002232c     q_shared.obj
 0003:00002334       ??_C@_0CJ@GBHP@Info_SetValueForKey?3?5oversize?5in@ 40022334     q_shared.obj
 0003:00002360       ??_C@_0BC@PIHH@ui_scoreCaptures2?$AA@ 40022360     ui_atoms.obj
 0003:00002374       ??_C@_0O@EDCJ@ui_scoreTime2?$AA@ 40022374     ui_atoms.obj
 0003:00002384       ??_C@_0BG@FLMK@ui_scoreShutoutBonus2?$AA@ 40022384     ui_atoms.obj
 0003:0000239c       ??_C@_0BE@IGME@ui_scoreSkillBonus2?$AA@ 4002239c     ui_atoms.obj
 0003:000023b0       ??_C@_0BD@HABN@ui_scoreTimeBonus2?$AA@ 400223b0     ui_atoms.obj
 0003:000023c4       ??_C@_0O@PGJL@ui_scoreBase2?$AA@ 400223c4     ui_atoms.obj
 0003:000023d4       ??_C@_0O@JBEK@ui_scoreTeam2?$AA@ 400223d4     ui_atoms.obj
 0003:000023e4       ??_C@_0BB@BFJK@ui_scorePerfect2?$AA@ 400223e4     ui_atoms.obj
 0003:000023f8       ??_C@_0P@EIAL@ui_scoreScore2?$AA@ 400223f8     ui_atoms.obj
 0003:00002408       ??_C@_0BD@KOGJ@ui_scoreGauntlets2?$AA@ 40022408     ui_atoms.obj
 0003:0000241c       ??_C@_0BB@FBJJ@ui_scoreAssists2?$AA@ 4002241c     ui_atoms.obj
 0003:00002430       ??_C@_0BB@MBHG@ui_scoreDefends2?$AA@ 40022430     ui_atoms.obj
 0003:00002444       ??_C@_0BE@NFEC@ui_scoreExcellents2?$AA@ 40022444     ui_atoms.obj
 0003:00002458       ??_C@_0BF@BMAK@ui_scoreImpressives2?$AA@ 40022458     ui_atoms.obj
 0003:00002470       ??_C@_0BC@MNKF@ui_scoreAccuracy2?$AA@ 40022470     ui_atoms.obj
 0003:00002484       ??_C@_0BB@MJAA@ui_scoreCaptures?$AA@ 40022484     ui_atoms.obj
 0003:00002498       ??_C@_0N@JHLI@ui_scoreTime?$AA@ 40022498     ui_atoms.obj
 0003:000024a8       ??_C@_09CCOG@?$CF02i?3?$CF02i?$AA@ 400224a8     ui_atoms.obj
 0003:000024b4       ??_C@_0BF@HEPG@ui_scoreShutoutBonus?$AA@ 400224b4     ui_atoms.obj
 0003:000024cc       ??_C@_0BD@HKKL@ui_scoreSkillBonus?$AA@ 400224cc     ui_atoms.obj
 0003:000024e0       ??_C@_0BC@KDGH@ui_scoreTimeBonus?$AA@ 400224e0     ui_atoms.obj
 0003:000024f4       ??_C@_0N@CFMC@ui_scoreBase?$AA@ 400224f4     ui_atoms.obj
 0003:00002504       ??_C@_0N@PEBB@ui_scoreTeam?$AA@ 40022504     ui_atoms.obj
 0003:00002514       ??_C@_08IHPJ@?$CFi?5to?5?$CFi?$AA@ 40022514     ui_atoms.obj
 0003:00002520       ??_C@_0BA@CEDK@ui_scorePerfect?$AA@ 40022520     ui_atoms.obj
 0003:00002530       ??_C@_0O@LFGD@ui_scoreScore?$AA@ 40022530     ui_atoms.obj
 0003:00002540       ??_C@_0BC@NHKN@ui_scoreGauntlets?$AA@ 40022540     ui_atoms.obj
 0003:00002554       ??_C@_0BA@CHDI@ui_scoreAssists?$AA@ 40022554     ui_atoms.obj
 0003:00002564       ??_C@_0BA@MIDO@ui_scoreDefends?$AA@ 40022564     ui_atoms.obj
 0003:00002574       ??_C@_0BD@PMII@ui_scoreExcellents?$AA@ 40022574     ui_atoms.obj
 0003:00002588       ??_C@_0BE@LENF@ui_scoreImpressives?$AA@ 40022588     ui_atoms.obj
 0003:0000259c       ??_C@_02JAFN@?$CFi?$AA@    4002259c     ui_atoms.obj
 0003:000025a0       ??_C@_0BB@BLDH@ui_scoreAccuracy?$AA@ 400225a0     ui_atoms.obj
 0003:000025b4       ??_C@_04NEPN@?$CFi?$CF?$CF?$AA@ 400225b4     ui_atoms.obj
 0003:000025bc       ??_C@_0BC@FDGG@demos?1?$CFs_?$CFd?4dm_?$CFd?$AA@ 400225bc     ui_atoms.obj
 0003:000025d0       ??_C@_08OEPO@protocol?$AA@ 400225d0     ui_atoms.obj
 0003:000025dc       ??_C@_0BB@LFEM@games?1?$CFs_?$CFi?4game?$AA@ 400225dc     ui_atoms.obj
 0003:000025f0       ??_C@_08KADP@games?1?$CFs?$AA@ 400225f0     ui_atoms.obj
 0003:000025fc       ??_C@_05GJAJ@games?$AA@    400225fc     ui_atoms.obj
 0003:00002604       ??_C@_04OAFI@game?$AA@     40022604     ui_atoms.obj
 0003:0000260c       ??_C@_08KOD@ui_cdkey?$AA@  4002260c     ui_atoms.obj
 0003:00002618       ??_C@_0O@DMPO@ui_teamOrders?$AA@ 40022618     ui_atoms.obj
 0003:00002628       ??_C@_08IEIM@ui_cache?$AA@ 40022628     ui_atoms.obj
 0003:00002634       ??_C@_08BBIO@postgame?$AA@ 40022634     ui_atoms.obj
 0003:00002640       ??_C@_0M@BAF@remapShader?$AA@ 40022640     ui_atoms.obj
 0003:0000264c       ??_C@_07BIKN@ui_load?$AA@  4002264c     ui_atoms.obj
 0003:00002654       ??_C@_09MMPF@ui_report?$AA@ 40022654     ui_atoms.obj
 0003:00002660       ??_C@_07LNAI@ui_test?$AA@  40022660     ui_atoms.obj
 0003:00002668       ??_C@_0P@DIBC@g_friendlyFire?$AA@ 40022668     ui_atoms.obj
 0003:00002678       ??_C@_0BA@OFEE@ui_friendlyFire?$AA@ 40022678     ui_atoms.obj
 0003:00002688       ??_C@_07OEHJ@sv_pure?$AA@  40022688     ui_atoms.obj
 0003:00002690       ??_C@_07BMGH@ui_pure?$AA@  40022690     ui_atoms.obj
 0003:00002698       ??_C@_08NLLD@g_Warmup?$AA@ 40022698     ui_atoms.obj
 0003:000026a4       ??_C@_09BOME@ui_Warmup?$AA@ 400226a4     ui_atoms.obj
 0003:000026b0       ??_C@_0L@HEIK@g_doWarmup?$AA@ 400226b0     ui_atoms.obj
 0003:000026bc       ??_C@_0M@DAFB@ui_doWarmup?$AA@ 400226bc     ui_atoms.obj
 0003:000026c8       ??_C@_0N@DNNE@cg_drawTimer?$AA@ 400226c8     ui_atoms.obj
 0003:000026d8       ??_C@_0N@KEFN@ui_drawTimer?$AA@ 400226d8     ui_atoms.obj
 0003:000026e8       ??_C@_09DPJO@fraglimit?$AA@ 400226e8     ui_atoms.obj
 0003:000026f4       ??_C@_0BB@HNJA@ui_saveFragLimit?$AA@ 400226f4     ui_atoms.obj
 0003:00002708       ??_C@_0N@ELFE@capturelimit?$AA@ 40022708     ui_atoms.obj
 0003:00002718       ??_C@_0BE@LMJK@ui_saveCaptureLimit?$AA@ 40022718     ui_atoms.obj
[...]
 0003:001c21f4       ___mbcodepage              401e21f4     <common>
 0003:001c2200       ___mbulinfo                401e2200     <common>
 0003:001c220c       ___ismbcodepage            401e220c     <common>
 0003:001c2220       __mbcasemap                401e2220     <common>
 0003:001c2320       __mbctype                  401e2320     <common>
 0003:001c2424       ___mblcid                  401e2424     <common>
 0003:001c2428       ___sbh_sizeHeaderList      401e2428     <common>
 0003:001c242c       ___sbh_indGroupDefer       401e242c     <common>
 0003:001c2430       ___sbh_pHeaderScan         401e2430     <common>
 0003:001c2434       ___sbh_pHeaderDefer        401e2434     <common>
 0003:001c2438       ___sbh_cntHeaderList       401e2438     <common>
 0003:001c243c       ___sbh_pHeaderList         401e243c     <common>
 0003:001c2440       ___piob                    401e2440     <common>
 0003:001c2460       __bufin                    401e2460     <common>
 0003:001c3460       __nstream                  401e3460     <common>
 0003:001c3480       ___pioinfo                 401e3480     <common>
 0003:001c3580       __nhandle                  401e3580     <common>
 0003:001c3584       __crtheap                  401e3584     <common>
 0003:001c3588       ___env_initialized         401e3588     <common>
 0003:001c358c       ___mbctype_initialized     401e358c     <common>
 0003:001c3590       ___onexitend               401e3590     <common>
 0003:001c3594       ___onexitbegin             401e3594     <common>
 0003:001c3598       __acmdln                   401e3598     <common>
 0003:001c359c       __pRawDllMain              401e359c     <common>

 entry point at        0001:00018fbd

 Static symbols

 0001:0000f2b0       _hashForString             400102b0 f   ui_shared.obj
 0001:00010620       _Menu_RunCloseScript       40011620 f   ui_shared.obj
 0001:00012710       _Scroll_ListBox_AutoFunc   40013710 f   ui_shared.obj
 0001:00012780       _Scroll_ListBox_ThumbFunc  40013780 f   ui_shared.obj
 0001:00012930       _Scroll_Slider_ThumbFunc   40013930 f   ui_shared.obj
 0001:00012ed0       _Display_CloseCinematics   40013ed0 f   ui_shared.obj
 0001:00012f00       _Menu_CloseCinematics      40013f00 f   ui_shared.obj
 0001:00012f70       _Window_CloseCinematic     40013f70 f   ui_shared.obj
 0001:000135b0       _Item_CorrectedTextRect    400145b0 f   ui_shared.obj
 0001:00014390       _Controls_GetKeyAssignment 40015390 f   ui_shared.obj
 0001:00017900       _Menu_CacheContents        40018900 f   ui_shared.obj
 0001:00017970       _Window_CacheContents      40018970 f   ui_shared.obj
 0001:000179b0       _Item_CacheContents        400189b0 f   ui_shared.obj
 0001:000179c0       _Menu_OverActiveItem       400189c0 f   ui_shared.obj
 0001:0000d7e0       _UI_PositionEntityOnTag    4000e7e0 f   ui_players.obj
 0001:0000d890       _UI_PositionRotatedEntityOnTag 4000e890 f   ui_players.obj
 0001:0000d940       _UI_PlayerAnimation        4000e940 f   ui_players.obj
 0001:0000da20       _UI_TorsoSequencing        4000ea20 f   ui_players.obj
 0001:0000dac0       _UI_PlayerInfo_SetWeapon   4000eac0 f   ui_players.obj
 0001:0000dd10       _UI_ForceTorsoAnim         4000ed10 f   ui_players.obj
 0001:0000dd60       _UI_SetTorsoAnim           4000ed60 f   ui_players.obj
 0001:0000dda0       _UI_LegsSequencing         4000eda0 f   ui_players.obj
 0001:0000de20       _UI_ForceLegsAnim          4000ee20 f   ui_players.obj
 0001:0000de50       _UI_SetLegsAnim            4000ee50 f   ui_players.obj
 0001:0000de90       _UI_RunLerpFrame           4000ee90 f   ui_players.obj
 0001:0000df90       _UI_SetLerpFrameAnimation  4000ef90 f   ui_players.obj
 0001:0000dfe0       _UI_PlayerAngles           4000efe0 f   ui_players.obj
 0001:0000e1a0       _UI_SwingAngles            4000f1a0 f   ui_players.obj
 0001:0000e300       _UI_MovedirAdjustment      4000f300 f   ui_players.obj
 0001:0000e4a0       _UI_PlayerFloatSprite      4000f4a0 f   ui_players.obj
 0001:0000e880       _UI_RegisterClientSkin     4000f880 f   ui_players.obj
 0001:0000ea70       _UI_FindClientHeadFile     4000fa70 f   ui_players.obj
 0001:0000ebd0       _UI_FileExists             4000fbd0 f   ui_players.obj
 0001:0000ebf0       _UI_ParseAnimationFile     4000fbf0 f   ui_players.obj
 0001:000036b0       _UI_ServersQsortCompare    400046b0 f   ui_main.obj
 0001:00003770       _UI_BuildFindPlayerList    40004770 f   ui_main.obj
 0001:00003b50       _UI_GetServerStatusInfo    40004b50 f   ui_main.obj
 0001:00003e40       _UI_SortServerStatusInfo   40004e40 f   ui_main.obj
 0001:00003f10       _stristr                   40004f10 f   ui_main.obj
 0001:00003f90       _UI_BuildServerStatus      40004f90 f   ui_main.obj
 0001:00004040       _UI_FeederSelection        40005040 f   ui_main.obj
 0001:000044d0       _UI_SelectedMap            400054d0 f   ui_main.obj
 0001:00004520       _UI_SelectedHead           40005520 f   ui_main.obj
 0001:00004570       _UI_ParseGameInfo          40005570 f   ui_main.obj
 0001:00004630       _GameType_Parse            40005630 f   ui_main.obj
 0001:00004780       _MapList_Parse             40005780 f   ui_main.obj
 0001:00004da0       _UI_OwnerDrawWidth         40005da0 f   ui_main.obj
 0001:00005100       _UI_TeamIndexFromName      40006100 f   ui_main.obj
 0001:00005150       _UI_OwnerDraw              40006150 f   ui_main.obj
 0001:000057d0       _UI_DrawHandicap           400067d0 f   ui_main.obj
 0001:00005840       _UI_DrawClanName           40006840 f   ui_main.obj
 0001:00005880       _UI_DrawGameType           40006880 f   ui_main.obj
 0001:000058c0       _UI_DrawNetGameType        400068c0 f   ui_main.obj
 0001:00005930       _UI_DrawJoinGameType       40006930 f   ui_main.obj
 0001:00005990       _UI_DrawClanLogo           40006990 f   ui_main.obj
 0001:00005a60       _UI_DrawClanCinematic      40006a60 f   ui_main.obj
 0001:00005ba0       _UI_DrawPreviewCinematic   40006ba0 f   ui_main.obj
 0001:00005c40       _UI_DrawSkill              40006c40 f   ui_main.obj
 0001:00005ca0       _UI_DrawTeamName           40006ca0 f   ui_main.obj
 0001:00005d30       _UI_DrawTeamMember         40006d30 f   ui_main.obj
 0001:00005de0       _UI_DrawEffects            40006de0 f   ui_main.obj
 0001:00005e60       _UI_DrawMapPreview         40006e60 f   ui_main.obj
 0001:00005f30       _UI_DrawMapTimeToBeat      40006f30 f   ui_main.obj
 0001:00005fe0       _UI_DrawMapCinematic       40006fe0 f   ui_main.obj
 0001:00006100       _UI_DrawPlayerModel        40007100 f   ui_main.obj
 0001:00006300       _UI_DrawNetSource          40007300 f   ui_main.obj
 0001:00006360       _UI_DrawNetMapPreview      40007360 f   ui_main.obj
 0001:000063b0       _UI_DrawNetMapCinematic    400073b0 f   ui_main.obj
 0001:00006450       _UI_DrawNetFilter          40007450 f   ui_main.obj
 0001:000064b0       _UI_DrawTier               400074b0 f   ui_main.obj
 0001:00006510       _UI_DrawTierMap            40007510 f   ui_main.obj
 0001:00006590       _UI_DrawTierMapName        40007590 f   ui_main.obj
 0001:00006610       _UI_EnglishMapName         40007610 f   ui_main.obj
 0001:00006660       _UI_DrawTierGameType       40007660 f   ui_main.obj
 0001:000066e0       _UI_DrawOpponent           400076e0 f   ui_main.obj
 0001:00006810       _UI_DrawPlayerLogo         40007810 f   ui_main.obj
 0001:000068c0       _UI_DrawPlayerLogoMetal    400078c0 f   ui_main.obj
 0001:00006970       _UI_DrawPlayerLogoName     40007970 f   ui_main.obj
 0001:00006a20       _UI_DrawOpponentLogo       40007a20 f   ui_main.obj
 0001:00006ad0       _UI_DrawOpponentLogoMetal  40007ad0 f   ui_main.obj
 0001:00006b80       _UI_DrawOpponentLogoName   40007b80 f   ui_main.obj
 0001:00006c30       _UI_DrawAllMapsSelection   40007c30 f   ui_main.obj
 0001:00006c90       _UI_DrawOpponentName       40007c90 f   ui_main.obj
 0001:00006cd0       _UI_DrawBotName            40007cd0 f   ui_main.obj
 0001:00006d50       _UI_DrawBotSkill           40007d50 f   ui_main.obj
 0001:00006d90       _UI_DrawRedBlue            40007d90 f   ui_main.obj
 0001:00006dd0       _UI_DrawCrosshair          40007dd0 f   ui_main.obj
 0001:00006e30       _UI_DrawSelectedPlayer     40007e30 f   ui_main.obj
 0001:00006ea0       _UI_BuildPlayerList        40007ea0 f   ui_main.obj
 0001:000070c0       _UI_DrawServerRefreshDate  400080c0 f   ui_main.obj
 0001:00007200       _UI_DrawServerMOTD         40008200 f   ui_main.obj
 0001:00007420       _Text_Paint_Limit          40008420 f   ui_main.obj
 0001:00007600       _UI_DrawKeyBindStatus      40008600 f   ui_main.obj
 0001:00007640       _UI_DrawGLInfo             40008640 f   ui_main.obj
 0001:000078a0       _UI_OwnerDrawVisible       400088a0 f   ui_main.obj
 0001:00007aa0       _UI_OwnerDrawHandleKey     40008aa0 f   ui_main.obj
 0001:00007d40       _UI_Handicap_HandleKey     40008d40 f   ui_main.obj
 0001:00007dd0       _UI_Effects_HandleKey      40008dd0 f   ui_main.obj
 0001:00007e40       _UI_ClanName_HandleKey     40008e40 f   ui_main.obj
 0001:00007f00       _UI_GameType_HandleKey     40008f00 f   ui_main.obj
 0001:00008030       _UI_SetCapFragLimits       40009030 f   ui_main.obj
 0001:000080c0       _UI_NetGameType_HandleKey  400090c0 f   ui_main.obj
 0001:00008180       _UI_JoinGameType_HandleKey 40009180 f   ui_main.obj
 0001:00008200       _UI_Skill_HandleKey        40009200 f   ui_main.obj
 0001:00008280       _UI_TeamName_HandleKey     40009280 f   ui_main.obj
 0001:00008320       _UI_TeamMember_HandleKey   40009320 f   ui_main.obj
 0001:000083e0       _UI_NetSource_HandleKey    400093e0 f   ui_main.obj
 0001:00008490       _UI_NetFilter_HandleKey    40009490 f   ui_main.obj
 0001:00008520       _UI_OpponentName_HandleKey 40009520 f   ui_main.obj
 0001:00008560       _UI_NextOpponent           40009560 f   ui_main.obj
 0001:000085c0       _UI_PriorOpponent          400095c0 f   ui_main.obj
 0001:00008620       _UI_BotName_HandleKey      40009620 f   ui_main.obj
 0001:000086e0       _UI_BotSkill_HandleKey     400096e0 f   ui_main.obj
 0001:00008750       _UI_RedBlue_HandleKey      40009750 f   ui_main.obj
 0001:00008790       _UI_Crosshair_HandleKey    40009790 f   ui_main.obj
 0001:00008810       _UI_SelectedPlayer_HandleKey 40009810 f   ui_main.obj
 0001:000088c0       _UI_GetValue               400098c0 f   ui_main.obj
 0001:000088d0       _UI_LoadTeams              400098d0 f   ui_main.obj
 0001:00008930       _UI_RunMenuScript          40009930 f   ui_main.obj
 0001:00009dc0       _UI_LoadMods               4000adc0 f   ui_main.obj
 0001:00009e70       _UI_LoadMovies             4000ae70 f   ui_main.obj
 0001:00009f30       _UI_LoadDemos              4000af30 f   ui_main.obj
 0001:0000a050       _UI_StartSkirmish          4000b050 f   ui_main.obj
 0001:0000a590       _UI_AIFromName             4000b590 f   ui_main.obj
 0001:0000a5e0       _UI_SetNextMap             4000b5e0 f   ui_main.obj
 0001:0000a630       _UI_Update                 4000b630 f   ui_main.obj
 0001:0000ab90       _UI_GetTeamColor           4000bb90 f   ui_main.obj
 0001:0000aba0       _UI_MapCountByGameType     4000bba0 f   ui_main.obj
 0001:0000ac20       _UI_HeadCountByTeam        4000bc20 f   ui_main.obj
 0001:0000ae00       _UI_BuildServerDisplayList 4000be00 f   ui_main.obj
 0001:0000b0e0       _UI_RemoveServerFromDisplayList 4000c0e0 f   ui_main.obj
 0001:0000b130       _UI_BinaryServerInsertion  4000c130 f   ui_main.obj
 0001:0000b1b0       _UI_InsertServerIntoDisplayList 4000c1b0 f   ui_main.obj
 0001:0000b1f0       _UI_FeederCount            4000c1f0 f   ui_main.obj
 0001:0000b360       _UI_GetIndexFromSelection  4000c360 f   ui_main.obj
 0001:0000b390       _UI_FeederItemText         4000c390 f   ui_main.obj
 0001:0000b7e0       _UI_FeederItemImage        4000c7e0 f   ui_main.obj
 0001:0000b8f0       _UI_ParseTeamInfo          4000c8f0 f   ui_main.obj
 0001:0000b9c0       _Team_Parse                4000c9c0 f   ui_main.obj
 0001:0000bbc0       _Character_Parse           4000cbc0 f   ui_main.obj
 0001:0000bd90       _Alias_Parse               4000cd90 f   ui_main.obj
 0001:0000beb0       _UI_Pause                  4000ceb0 f   ui_main.obj
 0001:0000bf00       _UI_PlayCinematic          4000cf00 f   ui_main.obj
 0001:0000bf40       _UI_StopCinematic          4000cf40 f   ui_main.obj
 0001:0000c010       _UI_DrawCinematic          4000d010 f   ui_main.obj
 0001:0000c050       _UI_RunCinematicFrame      4000d050 f   ui_main.obj
 0001:0000c060       _UI_BuildQ3Model_List      4000d060 f   ui_main.obj
 0001:0000c8e0       _UI_DisplayDownloadInfo    4000d8e0 f   ui_main.obj
 0001:0000cc50       _UI_ReadableSize           4000dc50 f   ui_main.obj
 0001:0000cdb0       _UI_PrintTime              4000ddb0 f   ui_main.obj
 0001:0000cef0       _UI_StopServerRefresh      4000def0 f   ui_main.obj
 0001:0000cf60       _UI_DoServerRefresh        4000df60 f   ui_main.obj
 0001:0000d000       _UI_StartServerRefresh     4000e000 f   ui_main.obj
 0001:0000d180       _UI_UpdatePendingPings     4000e180 f   ui_main.obj
 0001:00001f10       _UI_LoadArenasFromFile     40002f10 f   ui_gameinfo.obj
 0001:00002110       _UI_LoadBotsFromFile       40003110 f   ui_gameinfo.obj
 0001:00001480       _UI_Cache_f                40002480 f   ui_atoms.obj
 0001:00001490       _UI_CalcPostGameStats      40002490 f   ui_atoms.obj
 0001:00000640       _SkipWhitespace            40001640 f   q_shared.obj
 0001:0001d825       _flsall                    4001e825 f   LIBC:fflush.obj
 0001:0001ce10       LeadUp1                    4001de10 f   LIBC:memcpy.obj
 0001:0001ce3c       LeadUp2                    4001de3c f   LIBC:memcpy.obj
 0001:0001ce60       LeadUp3                    4001de60 f   LIBC:memcpy.obj
 0001:0001cedf       UnwindUp0                  4001dedf f   LIBC:memcpy.obj
 0001:0001cecc       UnwindUp1                  4001decc f   LIBC:memcpy.obj
 0001:0001cec4       UnwindUp2                  4001dec4 f   LIBC:memcpy.obj
 0001:0001cebc       UnwindUp3                  4001debc f   LIBC:memcpy.obj
 0001:0001ceb4       UnwindUp4                  4001deb4 f   LIBC:memcpy.obj
 0001:0001ceac       UnwindUp5                  4001deac f   LIBC:memcpy.obj
 0001:0001cea4       UnwindUp6                  4001dea4 f   LIBC:memcpy.obj
 0001:0001ce9c       UnwindUp7                  4001de9c f   LIBC:memcpy.obj
 0001:0001cef8       TrailUp0                   4001def8 f   LIBC:memcpy.obj
 0001:0001cf00       TrailUp1                   4001df00 f   LIBC:memcpy.obj
 0001:0001cf0c       TrailUp2                   4001df0c f   LIBC:memcpy.obj
 0001:0001cf20       TrailUp3                   4001df20 f   LIBC:memcpy.obj
 0001:0001cf98       LeadDown1                  4001df98 f   LIBC:memcpy.obj
 0001:0001cfb8       LeadDown2                  4001dfb8 f   LIBC:memcpy.obj
 0001:0001cfe0       LeadDown3                  4001dfe0 f   LIBC:memcpy.obj
 0001:0001d034       UnwindDown7                4001e034 f   LIBC:memcpy.obj
 0001:0001d03c       UnwindDown6                4001e03c f   LIBC:memcpy.obj
 0001:0001d044       UnwindDown5                4001e044 f   LIBC:memcpy.obj
 0001:0001d04c       UnwindDown4                4001e04c f   LIBC:memcpy.obj
 0001:0001d054       UnwindDown3                4001e054 f   LIBC:memcpy.obj
 0001:0001d05c       UnwindDown2                4001e05c f   LIBC:memcpy.obj
 0001:0001d064       UnwindDown1                4001e064 f   LIBC:memcpy.obj
 0001:0001d077       UnwindDown0                4001e077 f   LIBC:memcpy.obj
 0001:0001d090       TrailDown0                 4001e090 f   LIBC:memcpy.obj
 0001:0001d098       TrailDown1                 4001e098 f   LIBC:memcpy.obj
 0001:0001d0a8       TrailDown2                 4001e0a8 f   LIBC:memcpy.obj
 0001:0001d0bc       TrailDown3                 4001e0bc f   LIBC:memcpy.obj
 0001:0001cb55       _getSystemCP               4001db55 f   LIBC:mbctype.obj
 0001:0001cb9f       _CPtoLCID                  4001db9f f   LIBC:mbctype.obj
 0001:0001cbd2       _setSBCS                   4001dbd2 f   LIBC:mbctype.obj
 0001:0001cbfb       _setSBUpLow                4001dbfb f   LIBC:mbctype.obj
 0001:0001bf18       _gu_return                 4001cf18 f   LIBC:exsup.obj
 0001:0001bf20       __unwind_handler           4001cf20 f   LIBC:exsup.obj
 0001:0001ac22       __abstract_cw              4001bc22 f   LIBC:ieee87.obj
 0001:0001acb4       __hw_cw                    4001bcb4 f   LIBC:ieee87.obj
 0001:0001a745       _parse_cmdline             4001b745 f   LIBC:stdargv.obj
 0001:0001a2c1       _doexit                    4001b2c1 f   LIBC:crt0dat.obj
 0001:0001a35a       __initterm                 4001b35a f   LIBC:crt0dat.obj
 0001:0001a214       _strncnt                   4001b214 f   LIBC:a_map.obj
 0001:00019d97       _write_char                4001ad97 f   LIBC:output.obj
 0001:00019dcc       _write_multi_char          4001adcc f   LIBC:output.obj
 0001:00019dfd       _write_string              4001adfd f   LIBC:output.obj
 0001:00019e35       _get_int_arg               4001ae35 f   LIBC:output.obj
 0001:00019e42       _get_int64_arg             4001ae42 f   LIBC:output.obj
 0001:00019e52       _get_short_arg             4001ae52 f   LIBC:output.obj
 0001:00019481       __cftoe_g                  4001a481 f   LIBC:cvt.obj
 0001:000194a8       __cftof_g                  4001a4a8 f   LIBC:cvt.obj
 0001:0001951c       __shift                    4001a51c f   LIBC:cvt.obj
 0001:00018c40       LeadUp1                    40019c40 f   LIBC:memmove.obj
 0001:00018c6c       LeadUp2                    40019c6c f   LIBC:memmove.obj
 0001:00018c90       LeadUp3                    40019c90 f   LIBC:memmove.obj
 0001:00018d0f       UnwindUp0                  40019d0f f   LIBC:memmove.obj
 0001:00018cfc       UnwindUp1                  40019cfc f   LIBC:memmove.obj
 0001:00018cf4       UnwindUp2                  40019cf4 f   LIBC:memmove.obj
 0001:00018cec       UnwindUp3                  40019cec f   LIBC:memmove.obj
 0001:00018ce4       UnwindUp4                  40019ce4 f   LIBC:memmove.obj
 0001:00018cdc       UnwindUp5                  40019cdc f   LIBC:memmove.obj
 0001:00018cd4       UnwindUp6                  40019cd4 f   LIBC:memmove.obj
 0001:00018ccc       UnwindUp7                  40019ccc f   LIBC:memmove.obj
 0001:00018d28       TrailUp0                   40019d28 f   LIBC:memmove.obj
 0001:00018d30       TrailUp1                   40019d30 f   LIBC:memmove.obj
 0001:00018d3c       TrailUp2                   40019d3c f   LIBC:memmove.obj
 0001:00018d50       TrailUp3                   40019d50 f   LIBC:memmove.obj
 0001:00018dc8       LeadDown1                  40019dc8 f   LIBC:memmove.obj
 0001:00018de8       LeadDown2                  40019de8 f   LIBC:memmove.obj
 0001:00018e10       LeadDown3                  40019e10 f   LIBC:memmove.obj
 0001:00018e64       UnwindDown7                40019e64 f   LIBC:memmove.obj
 0001:00018e6c       UnwindDown6                40019e6c f   LIBC:memmove.obj
 0001:00018e74       UnwindDown5                40019e74 f   LIBC:memmove.obj
 0001:00018e7c       UnwindDown4                40019e7c f   LIBC:memmove.obj
 0001:00018e84       UnwindDown3                40019e84 f   LIBC:memmove.obj
 0001:00018e8c       UnwindDown2                40019e8c f   LIBC:memmove.obj
 0001:00018e94       UnwindDown1                40019e94 f   LIBC:memmove.obj
 0001:00018ea7       UnwindDown0                40019ea7 f   LIBC:memmove.obj
 0001:00018ec0       TrailDown0                 40019ec0 f   LIBC:memmove.obj
 0001:00018ec8       TrailDown1                 40019ec8 f   LIBC:memmove.obj
 0001:00018ed8       TrailDown2                 40019ed8 f   LIBC:memmove.obj
 0001:00018eec       TrailDown3                 40019eec f   LIBC:memmove.obj
 0001:00018b34       _shortsort                 40019b34 f   LIBC:qsort.obj
 0001:00018b82       _swap                      40019b82 f   LIBC:qsort.obj

 784 bytes saved through ICF

